Archive member included to satisfy reference by file (symbol)

c:/program files (x86)/atmel/studio/7.0/toolchain/arm/arm-gnu-toolchain/bin/../lib/gcc/arm-none-eabi/6.3.1/../../../../arm-none-eabi/lib/thumb/v7e-m\libc.a(lib_a-exit.o)
                              c:/program files (x86)/atmel/studio/7.0/toolchain/arm/arm-gnu-toolchain/bin/../lib/gcc/arm-none-eabi/6.3.1/../../../../arm-none-eabi/lib/thumb/v7e-m/crt0.o (exit)
c:/program files (x86)/atmel/studio/7.0/toolchain/arm/arm-gnu-toolchain/bin/../lib/gcc/arm-none-eabi/6.3.1/../../../../arm-none-eabi/lib/thumb/v7e-m\libc.a(lib_a-impure.o)
                              c:/program files (x86)/atmel/studio/7.0/toolchain/arm/arm-gnu-toolchain/bin/../lib/gcc/arm-none-eabi/6.3.1/../../../../arm-none-eabi/lib/thumb/v7e-m\libc.a(lib_a-exit.o) (_global_impure_ptr)
c:/program files (x86)/atmel/studio/7.0/toolchain/arm/arm-gnu-toolchain/bin/../lib/gcc/arm-none-eabi/6.3.1/../../../../arm-none-eabi/lib/thumb/v7e-m\libc.a(lib_a-init.o)
                              c:/program files (x86)/atmel/studio/7.0/toolchain/arm/arm-gnu-toolchain/bin/../lib/gcc/arm-none-eabi/6.3.1/../../../../arm-none-eabi/lib/thumb/v7e-m/crt0.o (__libc_init_array)
c:/program files (x86)/atmel/studio/7.0/toolchain/arm/arm-gnu-toolchain/bin/../lib/gcc/arm-none-eabi/6.3.1/../../../../arm-none-eabi/lib/thumb/v7e-m\libc.a(lib_a-iprintf.o)
                              build/Release/production/_ext/110090296/memp.o (iprintf)
c:/program files (x86)/atmel/studio/7.0/toolchain/arm/arm-gnu-toolchain/bin/../lib/gcc/arm-none-eabi/6.3.1/../../../../arm-none-eabi/lib/thumb/v7e-m\libc.a(lib_a-memcmp.o)
                              build/Release/production/_ext/872305151/etharp.o (memcmp)
c:/program files (x86)/atmel/studio/7.0/toolchain/arm/arm-gnu-toolchain/bin/../lib/gcc/arm-none-eabi/6.3.1/../../../../arm-none-eabi/lib/thumb/v7e-m\libc.a(lib_a-memcpy.o)
                              build/Release/production/_ext/110090296/pbuf.o (memcpy)
c:/program files (x86)/atmel/studio/7.0/toolchain/arm/arm-gnu-toolchain/bin/../lib/gcc/arm-none-eabi/6.3.1/../../../../arm-none-eabi/lib/thumb/v7e-m\libc.a(lib_a-memset.o)
                              c:/program files (x86)/atmel/studio/7.0/toolchain/arm/arm-gnu-toolchain/bin/../lib/gcc/arm-none-eabi/6.3.1/../../../../arm-none-eabi/lib/thumb/v7e-m/crt0.o (memset)
c:/program files (x86)/atmel/studio/7.0/toolchain/arm/arm-gnu-toolchain/bin/../lib/gcc/arm-none-eabi/6.3.1/../../../../arm-none-eabi/lib/thumb/v7e-m\libc.a(lib_a-puts.o)
                              build/Release/production/_ext/1360937237/raw_http_basic_example.o (puts)
c:/program files (x86)/atmel/studio/7.0/toolchain/arm/arm-gnu-toolchain/bin/../lib/gcc/arm-none-eabi/6.3.1/../../../../arm-none-eabi/lib/thumb/v7e-m\libc.a(lib_a-setbuf.o)
                              build/Release/production/_ext/1360937237/raw_http_basic_example.o (setbuf)
c:/program files (x86)/atmel/studio/7.0/toolchain/arm/arm-gnu-toolchain/bin/../lib/gcc/arm-none-eabi/6.3.1/../../../../arm-none-eabi/lib/thumb/v7e-m\libc.a(lib_a-setvbuf.o)
                              c:/program files (x86)/atmel/studio/7.0/toolchain/arm/arm-gnu-toolchain/bin/../lib/gcc/arm-none-eabi/6.3.1/../../../../arm-none-eabi/lib/thumb/v7e-m\libc.a(lib_a-setbuf.o) (setvbuf)
c:/program files (x86)/atmel/studio/7.0/toolchain/arm/arm-gnu-toolchain/bin/../lib/gcc/arm-none-eabi/6.3.1/../../../../arm-none-eabi/lib/thumb/v7e-m\libc.a(lib_a-strcat.o)
                              build/Release/production/_ext/1562571572/ethernet.o (strcat)
c:/program files (x86)/atmel/studio/7.0/toolchain/arm/arm-gnu-toolchain/bin/../lib/gcc/arm-none-eabi/6.3.1/../../../../arm-none-eabi/lib/thumb/v7e-m\libc.a(lib_a-strcmp.o)
                              build/Release/production/_ext/1833322374/fs.o (strcmp)
c:/program files (x86)/atmel/studio/7.0/toolchain/arm/arm-gnu-toolchain/bin/../lib/gcc/arm-none-eabi/6.3.1/../../../../arm-none-eabi/lib/thumb/v7e-m\libc.a(lib_a-strcpy.o)
                              build/Release/production/_ext/1562571572/ethernet.o (strcpy)
c:/program files (x86)/atmel/studio/7.0/toolchain/arm/arm-gnu-toolchain/bin/../lib/gcc/arm-none-eabi/6.3.1/../../../../arm-none-eabi/lib/thumb/v7e-m\libc.a(lib_a-strlen.o)
                              build/Release/production/_ext/110090296/pbuf.o (strlen)
c:/program files (x86)/atmel/studio/7.0/toolchain/arm/arm-gnu-toolchain/bin/../lib/gcc/arm-none-eabi/6.3.1/../../../../arm-none-eabi/lib/thumb/v7e-m\libc.a(lib_a-strncmp.o)
                              build/Release/production/_ext/1833322374/httpd.o (strncmp)
c:/program files (x86)/atmel/studio/7.0/toolchain/arm/arm-gnu-toolchain/bin/../lib/gcc/arm-none-eabi/6.3.1/../../../../arm-none-eabi/lib/thumb/v7e-m\libc.a(lib_a-vfiprintf.o)
                              c:/program files (x86)/atmel/studio/7.0/toolchain/arm/arm-gnu-toolchain/bin/../lib/gcc/arm-none-eabi/6.3.1/../../../../arm-none-eabi/lib/thumb/v7e-m\libc.a(lib_a-iprintf.o) (_vfiprintf_r)
[...]
Memory Configuration

Name             Origin             Length             Attributes
rom              0x00400000         0x00200000         xr
ram              0x20400000         0x00060000         xrw
*default*        0x00000000         0xffffffff

Linker script and memory map

LOAD c:/program files (x86)/atmel/studio/7.0/toolchain/arm/arm-gnu-toolchain/bin/../lib/gcc/arm-none-eabi/6.3.1/thumb/v7e-m/crti.o
LOAD c:/program files (x86)/atmel/studio/7.0/toolchain/arm/arm-gnu-toolchain/bin/../lib/gcc/arm-none-eabi/6.3.1/thumb/v7e-m/crtbegin.o
LOAD c:/program files (x86)/atmel/studio/7.0/toolchain/arm/arm-gnu-toolchain/bin/../lib/gcc/arm-none-eabi/6.3.1/../../../../arm-none-eabi/lib/thumb/v7e-m/crt0.o
LOAD build/Release/production/_ext/1360937237/echo.o
LOAD build/Release/production/_ext/965313332/sysclk.o
LOAD build/Release/production/_ext/1931867146/usart_serial.o
LOAD build/Release/production/_ext/1939168694/interrupt_sam_nvic.o
LOAD build/Release/production/_ext/277897380/read.o
LOAD build/Release/production/_ext/277897380/write.o
LOAD build/Release/production/_ext/2135176753/init.o
LOAD build/Release/production/_ext/1200990973/ethernet_phy.o
LOAD build/Release/production/_ext/149512465/gmac_phy.o
LOAD build/Release/production/_ext/1657739127/mpu.o
LOAD build/Release/production/_ext/1657736467/pio.o
LOAD build/Release/production/_ext/1657736467/pio_handler.o
LOAD build/Release/production/_ext/1657736355/pmc.o
LOAD build/Release/production/_ext/1657736355/sleep.o
LOAD build/Release/production/_ext/607664584/tc.o
LOAD build/Release/production/_ext/149918551/uart.o
LOAD build/Release/production/_ext/353027740/usart.o
LOAD build/Release/production/_ext/582320604/startup_samv71.o
LOAD build/Release/production/_ext/1712789660/system_samv71.o
LOAD build/Release/production/_ext/501093315/syscalls.o
LOAD build/Release/production/_ext/419191393/api_lib.o
LOAD build/Release/production/_ext/419191393/api_msg.o
LOAD build/Release/production/_ext/419191393/err.o
LOAD build/Release/production/_ext/419191393/netbuf.o
LOAD build/Release/production/_ext/419191393/netdb.o
LOAD build/Release/production/_ext/419191393/netifapi.o
LOAD build/Release/production/_ext/419191393/sockets.o
LOAD build/Release/production/_ext/419191393/tcpip.o
LOAD build/Release/production/_ext/110090296/def.o
LOAD build/Release/production/_ext/110090296/dhcp.o
LOAD build/Release/production/_ext/110090296/dns.o
LOAD build/Release/production/_ext/1276229284/autoip.o
LOAD build/Release/production/_ext/1276229284/icmp.o
LOAD build/Release/production/_ext/1276229284/igmp.o
LOAD build/Release/production/_ext/1276229284/inet.o
LOAD build/Release/production/_ext/1276229284/inet_chksum.o
LOAD build/Release/production/_ext/1276229284/ip.o
LOAD build/Release/production/_ext/1276229284/ip_addr.o
LOAD build/Release/production/_ext/1276229284/ip_frag.o
LOAD build/Release/production/_ext/110090296/lwip_init.o
LOAD build/Release/production/_ext/110090296/lwip_timers_141.o
LOAD build/Release/production/_ext/110090296/mem.o
LOAD build/Release/production/_ext/110090296/memp.o
LOAD build/Release/production/_ext/110090296/netif.o
LOAD build/Release/production/_ext/110090296/pbuf.o
LOAD build/Release/production/_ext/110090296/raw.o
LOAD build/Release/production/_ext/110090296/stats.o
LOAD build/Release/production/_ext/110090296/sys.o
LOAD build/Release/production/_ext/110090296/tcp.o
LOAD build/Release/production/_ext/110090296/tcp_in.o
LOAD build/Release/production/_ext/110090296/tcp_out.o
LOAD build/Release/production/_ext/110090296/udp.o
LOAD build/Release/production/_ext/872305151/etharp.o
LOAD build/Release/production/_ext/994942402/samv71_gmac.o
LOAD build/Release/production/_ext/1562571572/ethernet.o
LOAD build/Release/production/_ext/1833322374/fs.o
LOAD build/Release/production/_ext/1833322374/fsdata.o
LOAD build/Release/production/_ext/1833322374/httpd.o
LOAD build/Release/production/_ext/1562571572/timer_mgt.o
LOAD build/Release/production/_ext/1360937237/raw_http_basic_example.o
                0x00000001                __MPLAB_BUILD = 0x1
LOAD ../src/ASF/thirdparty/CMSIS/Lib/GCC\libarm_cortexM7lfsp_math_softfp.a
LOAD c:/program files (x86)/atmel/studio/7.0/toolchain/arm/arm-gnu-toolchain/bin/../lib/gcc/arm-none-eabi/6.3.1/../../../../arm-none-eabi/lib/thumb/v7e-m\libm.a
                0x00000400                STACK_SIZE = 0x400
START GROUP
LOAD c:/program files (x86)/atmel/studio/7.0/toolchain/arm/arm-gnu-toolchain/bin/../lib/gcc/arm-none-eabi/6.3.1/thumb/v7e-m\libgcc.a
LOAD c:/program files (x86)/atmel/studio/7.0/toolchain/arm/arm-gnu-toolchain/bin/../lib/gcc/arm-none-eabi/6.3.1/../../../../arm-none-eabi/lib/thumb/v7e-m\libc.a
END GROUP
LOAD c:/program files (x86)/atmel/studio/7.0/toolchain/arm/arm-gnu-toolchain/bin/../lib/gcc/arm-none-eabi/6.3.1/thumb/v7e-m/crtend.o
LOAD c:/program files (x86)/atmel/studio/7.0/toolchain/arm/arm-gnu-toolchain/bin/../lib/gcc/arm-none-eabi/6.3.1/thumb/v7e-m/crtn.o
                0x00002000                STACK_SIZE = DEFINED (STACK_SIZE)?STACK_SIZE:0x2000
                0x2045fffc                __ram_end__ = ((ORIGIN (ram) + LENGTH (ram)) - 0x4)
                0x00000200                HEAP_SIZE = DEFINED (HEAP_SIZE)?HEAP_SIZE:0x200

.text           0x00400000     0xa350
                0x00400000                . = ALIGN (0x4)
                0x00400000                _sfixed = .
 *(.vectors .vectors.*)
 .vectors       0x00400000      0x168 build/Release/production/_ext/582320604/startup_samv71.o
                0x00400000                exception_table
 *(.text .text.* .gnu.linkonce.t.*)
 .text          0x00400168       0x6c c:/program files (x86)/atmel/studio/7.0/toolchain/arm/arm-gnu-toolchain/bin/../lib/gcc/arm-none-eabi/6.3.1/thumb/v7e-m/crtbegin.o
 .text.echo_accept
                0x004001d4       0x70 build/Release/production/_ext/1360937237/echo.o
                0x004001d4                echo_accept
 .text.echo_error
                0x00400244        0xc build/Release/production/_ext/1360937237/echo.o
                0x00400244                echo_error
 .text.echo_init
                0x00400250       0x4c build/Release/production/_ext/1360937237/echo.o
                0x00400250                echo_init
 .text.echo_send
                0x0040029c       0x68 build/Release/production/_ext/1360937237/echo.o
                0x0040029c                echo_send
 .text.echo_close
                0x00400304       0x5c build/Release/production/_ext/1360937237/echo.o
                0x00400304                echo_close
 .text.echo_recv
                0x00400360       0x98 build/Release/production/_ext/1360937237/echo.o
                0x00400360                echo_recv
 .text.echo_poll
                0x004003f8       0x50 build/Release/production/_ext/1360937237/echo.o
                0x004003f8                echo_poll
 .text.echo_sent
                0x00400448       0x40 build/Release/production/_ext/1360937237/echo.o
                0x00400448                echo_sent
 .text.sysclk_init
                0x00400488       0x74 build/Release/production/_ext/965313332/sysclk.o
                0x00400488                sysclk_init
 .text._read    0x004004fc       0x40 build/Release/production/_ext/277897380/read.o
                0x004004fc                _read
 .text._write   0x0040053c       0x44 build/Release/production/_ext/277897380/write.o
                0x0040053c                _write
 .text.ioport_set_pin_mode
                0x00400580       0x70 build/Release/production/_ext/2135176753/init.o
 .text.board_init
                0x004005f0       0xdc build/Release/production/_ext/2135176753/init.o
                0x004005f0                board_init
 .text.ethernet_phy_set_link
                0x004006cc       0xac build/Release/production/_ext/1200990973/ethernet_phy.o
                0x004006cc                ethernet_phy_set_link
 .text.ethernet_phy_auto_negotiate
                0x00400778      0x12c build/Release/production/_ext/1200990973/ethernet_phy.o
                0x00400778                ethernet_phy_auto_negotiate
 .text.ethernet_phy_reset
                0x004008a4       0x58 build/Release/production/_ext/1200990973/ethernet_phy.o
                0x004008a4                ethernet_phy_reset
 .text.ethernet_phy_init
                0x004008fc      0x158 build/Release/production/_ext/1200990973/ethernet_phy.o
                0x004008fc                ethernet_phy_init
 .text.gmac_phy_read
                0x00400a54       0x54 build/Release/production/_ext/149512465/gmac_phy.o
                0x00400a54                gmac_phy_read
 .text.gmac_phy_write
                0x00400aa8       0x4c build/Release/production/_ext/149512465/gmac_phy.o
                0x00400aa8                gmac_phy_write
 .text.pio_set_peripheral
                0x00400af4       0x80 build/Release/production/_ext/1657736467/pio.o
                0x00400af4                pio_set_peripheral
 .text.pio_set_input
                0x00400b74       0x30 build/Release/production/_ext/1657736467/pio.o
                0x00400b74                pio_set_input
 .text.pio_set_output
                0x00400ba4       0x24 build/Release/production/_ext/1657736467/pio.o
                0x00400ba4                pio_set_output
 .text.pio_get_interrupt_status
                0x00400bc8        0x4 build/Release/production/_ext/1657736467/pio.o
                0x00400bc8                pio_get_interrupt_status
 .text.pio_get_interrupt_mask
                0x00400bcc        0x4 build/Release/production/_ext/1657736467/pio.o
                0x00400bcc                pio_get_interrupt_mask
 .text.pio_handler_process
                0x00400bd0       0x4c build/Release/production/_ext/1657736467/pio_handler.o
                0x00400bd0                pio_handler_process
 .text.PIOA_Handler
                0x00400c1c       0x10 build/Release/production/_ext/1657736467/pio_handler.o
                0x00400c1c                PIOA_Handler
 .text.PIOB_Handler
                0x00400c2c       0x10 build/Release/production/_ext/1657736467/pio_handler.o
                0x00400c2c                PIOB_Handler
 .text.PIOC_Handler
                0x00400c3c       0x10 build/Release/production/_ext/1657736467/pio_handler.o
                0x00400c3c                PIOC_Handler
 .text.PIOD_Handler
                0x00400c4c       0x10 build/Release/production/_ext/1657736467/pio_handler.o
                0x00400c4c                PIOD_Handler
 .text.PIOE_Handler
                0x00400c5c       0x10 build/Release/production/_ext/1657736467/pio_handler.o
                0x00400c5c                PIOE_Handler
 .text.pmc_mck_set_division
                0x00400c6c       0x2c build/Release/production/_ext/1657736355/pmc.o
                0x00400c6c                pmc_mck_set_division
 .text.pmc_switch_mck_to_pllack
                0x00400c98       0x44 build/Release/production/_ext/1657736355/pmc.o
                0x00400c98                pmc_switch_mck_to_pllack
 .text.pmc_switch_mainck_to_xtal
                0x00400cdc       0x48 build/Release/production/_ext/1657736355/pmc.o
                0x00400cdc                pmc_switch_mainck_to_xtal
 .text.pmc_osc_is_ready_mainck
                0x00400d24       0x10 build/Release/production/_ext/1657736355/pmc.o
                0x00400d24                pmc_osc_is_ready_mainck
 .text.pmc_disable_pllack
                0x00400d34       0x10 build/Release/production/_ext/1657736355/pmc.o
                0x00400d34                pmc_disable_pllack
 .text.pmc_is_locked_pllack
                0x00400d44       0x10 build/Release/production/_ext/1657736355/pmc.o
                0x00400d44                pmc_is_locked_pllack
 .text.pmc_enable_periph_clk
                0x00400d54       0x20 build/Release/production/_ext/1657736355/pmc.o
                0x00400d54                pmc_enable_periph_clk
 .text.tc_init  0x00400d74       0x16 build/Release/production/_ext/607664584/tc.o
                0x00400d74                tc_init
 .text.tc_start
                0x00400d8a        0x8 build/Release/production/_ext/607664584/tc.o
                0x00400d8a                tc_start
 .text.tc_write_rc
                0x00400d92        0x8 build/Release/production/_ext/607664584/tc.o
                0x00400d92                tc_write_rc
 .text.tc_enable_interrupt
                0x00400d9a        0x8 build/Release/production/_ext/607664584/tc.o
                0x00400d9a                tc_enable_interrupt
 .text.tc_find_mck_divisor
                0x00400da2       0x4a build/Release/production/_ext/607664584/tc.o
                0x00400da2                tc_find_mck_divisor
 .text.uart_write
                0x00400dec       0x10 build/Release/production/_ext/149918551/uart.o
                0x00400dec                uart_write
 .text.uart_read
                0x00400dfc       0x12 build/Release/production/_ext/149918551/uart.o
                0x00400dfc                uart_read
 .text.usart_set_async_baudrate
                0x00400e0e       0x42 build/Release/production/_ext/353027740/usart.o
                0x00400e0e                usart_set_async_baudrate
 .text.usart_reset
                0x00400e50       0x28 build/Release/production/_ext/353027740/usart.o
                0x00400e50                usart_reset
 .text.usart_init_rs232
                0x00400e78       0x44 build/Release/production/_ext/353027740/usart.o
                0x00400e78                usart_init_rs232
 .text.usart_enable_tx
                0x00400ebc        0x6 build/Release/production/_ext/353027740/usart.o
                0x00400ebc                usart_enable_tx
 .text.usart_enable_rx
                0x00400ec2        0x6 build/Release/production/_ext/353027740/usart.o
                0x00400ec2                usart_enable_rx
 .text.usart_write
                0x00400ec8       0x14 build/Release/production/_ext/353027740/usart.o
                0x00400ec8                usart_write
 .text.usart_read
                0x00400edc       0x16 build/Release/production/_ext/353027740/usart.o
                0x00400edc                usart_read
 .text.Dummy_Handler
                0x00400ef2        0x2 build/Release/production/_ext/582320604/startup_samv71.o
                0x00400ef2                DACC_Handler
                0x00400ef2                DebugMon_Handler
                0x00400ef2                UART3_Handler
                0x00400ef2                UART2_Handler
                0x00400ef2                TRNG_Handler
                0x00400ef2                HardFault_Handler
                0x00400ef2                TC2_Handler
                0x00400ef2                SysTick_Handler
                0x00400ef2                AFEC1_Handler
                0x00400ef2                PendSV_Handler
                0x00400ef2                NMI_Handler
                0x00400ef2                TC7_Handler
                0x00400ef2                QSPI_Handler
                0x00400ef2                ISI_Handler
                0x00400ef2                MCAN0_INT0_Handler
                0x00400ef2                TC9_Handler
                0x00400ef2                RSWDT_Handler
                0x00400ef2                USART0_Handler
                0x00400ef2                RTT_Handler
                0x00400ef2                USBHS_Handler
                0x00400ef2                IXC_Handler
                0x00400ef2                CCF_Handler
                0x00400ef2                RTC_Handler
                0x00400ef2                UsageFault_Handler
                0x00400ef2                TC6_Handler
                0x00400ef2                WDT_Handler
                0x00400ef2                MCAN1_INT1_Handler
                0x00400ef2                TC4_Handler
                0x00400ef2                TC1_Handler
                0x00400ef2                HSMCI_Handler
                0x00400ef2                UART1_Handler
                0x00400ef2                TC3_Handler
                0x00400ef2                Dummy_Handler
                0x00400ef2                TWIHS1_Handler
                0x00400ef2                XDMAC_Handler
                0x00400ef2                UART4_Handler
                0x00400ef2                PWM1_Handler
                0x00400ef2                USART1_Handler
                0x00400ef2                PWM0_Handler
                0x00400ef2                AFEC0_Handler
                0x00400ef2                CCW_Handler
                0x00400ef2                SSC_Handler
                0x00400ef2                TC11_Handler
                0x00400ef2                ACC_Handler
                0x00400ef2                PMC_Handler
                0x00400ef2                MCAN0_INT1_Handler
                0x00400ef2                GMAC_Q5_Handler
                0x00400ef2                MemManage_Handler
                0x00400ef2                SUPC_Handler
                0x00400ef2                SVC_Handler
                0x00400ef2                TC8_Handler
                0x00400ef2                MCAN1_INT0_Handler
                0x00400ef2                EFC_Handler
                0x00400ef2                GMAC_Q1_Handler
                0x00400ef2                USART2_Handler
                0x00400ef2                SDRAMC_Handler
                0x00400ef2                GMAC_Q2_Handler
                0x00400ef2                SPI1_Handler
                0x00400ef2                TC10_Handler
                0x00400ef2                GMAC_Q3_Handler
                0x00400ef2                TWIHS2_Handler
                0x00400ef2                MLB_Handler
                0x00400ef2                I2SC0_Handler
                0x00400ef2                UART0_Handler
                0x00400ef2                I2SC1_Handler
                0x00400ef2                GMAC_Q4_Handler
                0x00400ef2                FPU_Handler
                0x00400ef2                BusFault_Handler
                0x00400ef2                RSTC_Handler
                0x00400ef2                TC5_Handler
                0x00400ef2                ICM_Handler
                0x00400ef2                AES_Handler
                0x00400ef2                TWIHS0_Handler
                0x00400ef2                SPI0_Handler
 .text.Reset_Handler
                0x00400ef4       0xa4 build/Release/production/_ext/582320604/startup_samv71.o
                0x00400ef4                Reset_Handler
 .text.SystemCoreClockUpdate
                0x00400f98       0xc8 build/Release/production/_ext/1712789660/system_samv71.o
                0x00400f98                SystemCoreClockUpdate
 .text.system_init_flash
                0x00401060       0x78 build/Release/production/_ext/1712789660/system_samv71.o
                0x00401060                system_init_flash
 .text._sbrk    0x004010d8       0x2c build/Release/production/_ext/501093315/syscalls.o
                0x004010d8                _sbrk
 .text._close   0x00401104        0x6 build/Release/production/_ext/501093315/syscalls.o
                0x00401104                _close
 .text._fstat   0x0040110a        0xa build/Release/production/_ext/501093315/syscalls.o
                0x0040110a                _fstat
 .text._isatty  0x00401114        0x4 build/Release/production/_ext/501093315/syscalls.o
                0x00401114                _isatty
 .text._lseek   0x00401118        0x4 build/Release/production/_ext/501093315/syscalls.o
                0x00401118                _lseek
 .text.lwip_htons
                0x0040111c        0x6 build/Release/production/_ext/110090296/def.o
                0x0040111c                lwip_htons
 .text.lwip_ntohs
                0x00401122        0x6 build/Release/production/_ext/110090296/def.o
                0x00401122                lwip_ntohs
 .text.lwip_htonl
                0x00401128        0x4 build/Release/production/_ext/110090296/def.o
                0x00401128                lwip_htonl
 .text.lwip_ntohl
                0x0040112c        0x8 build/Release/production/_ext/110090296/def.o
                0x0040112c                lwip_ntohl
 .text.icmp_send_response.isra.0
                0x00401134       0x8c build/Release/production/_ext/1276229284/icmp.o
 .text.icmp_input
                0x004011c0      0x14c build/Release/production/_ext/1276229284/icmp.o
                0x004011c0                icmp_input
 .text.icmp_dest_unreach
                0x0040130c       0x10 build/Release/production/_ext/1276229284/icmp.o
                0x0040130c                icmp_dest_unreach
 .text.icmp_time_exceeded
                0x0040131c       0x10 build/Release/production/_ext/1276229284/icmp.o
                0x0040131c                icmp_time_exceeded
 .text.lwip_standard_chksum
                0x0040132c       0x60 build/Release/production/_ext/1276229284/inet_chksum.o
 .text.inet_chksum_pseudo
                0x0040138c       0x90 build/Release/production/_ext/1276229284/inet_chksum.o
                0x0040138c                inet_chksum_pseudo
 .text.inet_chksum
                0x0040141c       0x10 build/Release/production/_ext/1276229284/inet_chksum.o
                0x0040141c                inet_chksum
 .text.inet_chksum_pbuf
                0x0040142c       0x4c build/Release/production/_ext/1276229284/inet_chksum.o
                0x0040142c                inet_chksum_pbuf
 .text.ip_route
                0x00401478       0x3c build/Release/production/_ext/1276229284/ip.o
                0x00401478                ip_route
 .text.ip_input
                0x004014b4      0x198 build/Release/production/_ext/1276229284/ip.o
                0x004014b4                ip_input
 .text.ip_output_if
                0x0040164c       0xfc build/Release/production/_ext/1276229284/ip.o
                0x0040164c                ip_output_if
 .text.ip_output
                0x00401748       0x40 build/Release/production/_ext/1276229284/ip.o
                0x00401748                ip_output
 .text.ip4_addr_isbroadcast
                0x00401788       0x32 build/Release/production/_ext/1276229284/ip_addr.o
                0x00401788                ip4_addr_isbroadcast
 .text.ipaddr_ntoa_r
                0x004017ba       0x92 build/Release/production/_ext/1276229284/ip_addr.o
                0x004017ba                ipaddr_ntoa_r
 .text.ipaddr_ntoa
                0x0040184c       0x10 build/Release/production/_ext/1276229284/ip_addr.o
                0x0040184c                ipaddr_ntoa
 .text.ip_reass_free_complete_datagram
                0x0040185c       0xa4 build/Release/production/_ext/1276229284/ip_frag.o
 .text.ip_reass_remove_oldest_datagram
                0x00401900       0x78 build/Release/production/_ext/1276229284/ip_frag.o
 .text.ip_reass_tmr
                0x00401978       0x2c build/Release/production/_ext/1276229284/ip_frag.o
                0x00401978                ip_reass_tmr
 .text.ip_reass
                0x004019a4      0x300 build/Release/production/_ext/1276229284/ip_frag.o
                0x004019a4                ip_reass
 .text.ip_frag  0x00401ca4      0x118 build/Release/production/_ext/1276229284/ip_frag.o
                0x00401ca4                ip_frag
 .text.lwip_init
                0x00401dbc       0x38 build/Release/production/_ext/110090296/lwip_init.o
                0x00401dbc                lwip_init
 .text.sys_timeout
                0x00401df4       0x60 build/Release/production/_ext/110090296/lwip_timers_141.o
                0x00401df4                sys_timeout
 .text.tcp_timer_needed
                0x00401e54       0x38 build/Release/production/_ext/110090296/lwip_timers_141.o
                0x00401e54                tcp_timer_needed
 .text.tcpip_tcp_timer
                0x00401e8c       0x40 build/Release/production/_ext/110090296/lwip_timers_141.o
 .text.sys_timeouts_init
                0x00401ecc       0x38 build/Release/production/_ext/110090296/lwip_timers_141.o
                0x00401ecc                sys_timeouts_init
 .text.arp_timer
                0x00401f04       0x24 build/Release/production/_ext/110090296/lwip_timers_141.o
 .text.ip_reass_timer
                0x00401f28       0x24 build/Release/production/_ext/110090296/lwip_timers_141.o
 .text.mem_init
                0x00401f4c       0x3c build/Release/production/_ext/110090296/mem.o
                0x00401f4c                mem_init
 .text.mem_free
                0x00401f88       0x88 build/Release/production/_ext/110090296/mem.o
                0x00401f88                mem_free
 .text.mem_trim
                0x00402010       0xb0 build/Release/production/_ext/110090296/mem.o
                0x00402010                mem_trim
 .text.mem_malloc
                0x004020c0       0xbc build/Release/production/_ext/110090296/mem.o
                0x004020c0                mem_malloc
 .text.memp_init
                0x0040217c       0x5c build/Release/production/_ext/110090296/memp.o
                0x0040217c                memp_init
 .text.memp_malloc
                0x004021d8       0x3c build/Release/production/_ext/110090296/memp.o
                0x004021d8                memp_malloc
 .text.memp_free
                0x00402214       0x14 build/Release/production/_ext/110090296/memp.o
                0x00402214                memp_free
 .text.netif_init
                0x00402228        0x2 build/Release/production/_ext/110090296/netif.o
                0x00402228                netif_init
 *fill*         0x0040222a        0x2 
 .text.netif_set_ipaddr
                0x0040222c       0x54 build/Release/production/_ext/110090296/netif.o
                0x0040222c                netif_set_ipaddr
 .text.netif_set_addr
                0x00402280       0x20 build/Release/production/_ext/110090296/netif.o
                0x00402280                netif_set_addr
 .text.netif_add
                0x004022a0       0x54 build/Release/production/_ext/110090296/netif.o
                0x004022a0                netif_add
 .text.netif_set_default
                0x004022f4        0xc build/Release/production/_ext/110090296/netif.o
                0x004022f4                netif_set_default
 .text.netif_set_up
                0x00402300       0x38 build/Release/production/_ext/110090296/netif.o
                0x00402300                netif_set_up
 .text.netif_set_status_callback
                0x00402338        0x6 build/Release/production/_ext/110090296/netif.o
                0x00402338                netif_set_status_callback
 *fill*         0x0040233e        0x2 
 .text.pbuf_header
                0x00402340       0x78 build/Release/production/_ext/110090296/pbuf.o
                0x00402340                pbuf_header
 .text.pbuf_free
                0x004023b8       0x48 build/Release/production/_ext/110090296/pbuf.o
                0x004023b8                pbuf_free
 .text.pbuf_alloc
                0x00402400      0x124 build/Release/production/_ext/110090296/pbuf.o
                0x00402400                pbuf_alloc
 .text.pbuf_realloc
                0x00402524       0x54 build/Release/production/_ext/110090296/pbuf.o
                0x00402524                pbuf_realloc
 .text.pbuf_clen
                0x00402578       0x10 build/Release/production/_ext/110090296/pbuf.o
                0x00402578                pbuf_clen
 .text.pbuf_ref
                0x00402588        0xa build/Release/production/_ext/110090296/pbuf.o
                0x00402588                pbuf_ref
 *fill*         0x00402592        0x2 
 .text.pbuf_cat
                0x00402594       0x3c build/Release/production/_ext/110090296/pbuf.o
                0x00402594                pbuf_cat
 .text.pbuf_chain
                0x004025d0       0x1c build/Release/production/_ext/110090296/pbuf.o
                0x004025d0                pbuf_chain
 .text.pbuf_copy
                0x004025ec       0xe4 build/Release/production/_ext/110090296/pbuf.o
                0x004025ec                pbuf_copy
 .text.pbuf_copy_partial
                0x004026d0       0x8c build/Release/production/_ext/110090296/pbuf.o
                0x004026d0                pbuf_copy_partial
 .text.raw_input
                0x0040275c       0x7c build/Release/production/_ext/110090296/raw.o
                0x0040275c                raw_input
 .text.tcp_accept_null
                0x004027d8        0x6 build/Release/production/_ext/110090296/tcp.o
 *fill*         0x004027de        0x2 
 .text.tcp_new_port
                0x004027e0       0x54 build/Release/production/_ext/110090296/tcp.o
 .text.tcp_init
                0x00402834        0x2 build/Release/production/_ext/110090296/tcp.o
                0x00402834                tcp_init
 *fill*         0x00402836        0x2 
 .text.tcp_bind
                0x00402838       0xa4 build/Release/production/_ext/110090296/tcp.o
                0x00402838                tcp_bind
 .text.tcp_listen_with_backlog
                0x004028dc       0xd8 build/Release/production/_ext/110090296/tcp.o
                0x004028dc                tcp_listen_with_backlog
 .text.tcp_update_rcv_ann_wnd
                0x004029b4       0x34 build/Release/production/_ext/110090296/tcp.o
                0x004029b4                tcp_update_rcv_ann_wnd
 .text.tcp_recved
                0x004029e8       0x58 build/Release/production/_ext/110090296/tcp.o
                0x004029e8                tcp_recved
 .text.tcp_seg_free
                0x00402a40       0x28 build/Release/production/_ext/110090296/tcp.o
                0x00402a40                tcp_seg_free
 .text.tcp_segs_free
                0x00402a68       0x14 build/Release/production/_ext/110090296/tcp.o
                0x00402a68                tcp_segs_free
 .text.tcp_setprio
                0x00402a7c        0x4 build/Release/production/_ext/110090296/tcp.o
                0x00402a7c                tcp_setprio
 .text.tcp_seg_copy
                0x00402a80       0x34 build/Release/production/_ext/110090296/tcp.o
                0x00402a80                tcp_seg_copy
 .text.tcp_arg  0x00402ab4        0x4 build/Release/production/_ext/110090296/tcp.o
                0x00402ab4                tcp_arg
 .text.tcp_recv
                0x00402ab8        0x6 build/Release/production/_ext/110090296/tcp.o
                0x00402ab8                tcp_recv
 .text.tcp_sent
                0x00402abe        0x4 build/Release/production/_ext/110090296/tcp.o
                0x00402abe                tcp_sent
 .text.tcp_err  0x00402ac2        0x6 build/Release/production/_ext/110090296/tcp.o
                0x00402ac2                tcp_err
 .text.tcp_accept
                0x00402ac8        0x4 build/Release/production/_ext/110090296/tcp.o
                0x00402ac8                tcp_accept
 .text.tcp_poll
                0x00402acc        0xa build/Release/production/_ext/110090296/tcp.o
                0x00402acc                tcp_poll
 *fill*         0x00402ad6        0x2 
 .text.tcp_pcb_purge
                0x00402ad8       0xb0 build/Release/production/_ext/110090296/tcp.o
                0x00402ad8                tcp_pcb_purge
 .text.tcp_slowtmr
                0x00402b88      0x34c build/Release/production/_ext/110090296/tcp.o
                0x00402b88                tcp_slowtmr
 .text.tcp_pcb_remove
                0x00402ed4       0x6c build/Release/production/_ext/110090296/tcp.o
                0x00402ed4                tcp_pcb_remove
 .text.tcp_close_shutdown
                0x00402f40      0x170 build/Release/production/_ext/110090296/tcp.o
 .text.tcp_abandon
                0x004030b0       0xb0 build/Release/production/_ext/110090296/tcp.o
                0x004030b0                tcp_abandon
 .text.tcp_abort
                0x00403160        0xc build/Release/production/_ext/110090296/tcp.o
                0x00403160                tcp_abort
 .text.tcp_next_iss
                0x0040316c       0x18 build/Release/production/_ext/110090296/tcp.o
                0x0040316c                tcp_next_iss
 .text.tcp_alloc
                0x00403184      0x14c build/Release/production/_ext/110090296/tcp.o
                0x00403184                tcp_alloc
 .text.tcp_new  0x004032d0        0xc build/Release/production/_ext/110090296/tcp.o
                0x004032d0                tcp_new
 .text.tcp_eff_send_mss
                0x004032dc       0x24 build/Release/production/_ext/110090296/tcp.o
                0x004032dc                tcp_eff_send_mss
 .text.tcp_debug_print_state
                0x00403300       0x18 build/Release/production/_ext/110090296/tcp.o
                0x00403300                tcp_debug_print_state
 .text.tcp_close
                0x00403318       0x3c build/Release/production/_ext/110090296/tcp.o
                0x00403318                tcp_close
 .text.tcp_recv_null
                0x00403354       0x30 build/Release/production/_ext/110090296/tcp.o
                0x00403354                tcp_recv_null
 .text.tcp_process_refused_data
                0x00403384       0x6c build/Release/production/_ext/110090296/tcp.o
                0x00403384                tcp_process_refused_data
 .text.tcp_fasttmr
                0x004033f0       0x90 build/Release/production/_ext/110090296/tcp.o
                0x004033f0                tcp_fasttmr
 .text.tcp_tmr  0x00403480       0x2c build/Release/production/_ext/110090296/tcp.o
                0x00403480                tcp_tmr
 .text.tcp_debug_print_flags
                0x004034ac       0x7c build/Release/production/_ext/110090296/tcp.o
                0x004034ac                tcp_debug_print_flags
 .text.tcp_debug_print
                0x00403528      0x10c build/Release/production/_ext/110090296/tcp.o
                0x00403528                tcp_debug_print
 .text.tcp_oos_insert_segment
                0x00403634       0x9c build/Release/production/_ext/110090296/tcp_in.o
 .text.tcp_receive
                0x004036d0      0x7d8 build/Release/production/_ext/110090296/tcp_in.o
 .text.tcp_parseopt.isra.0
                0x00403ea8       0x84 build/Release/production/_ext/110090296/tcp_in.o
 .text.tcp_input
                0x00403f2c      0x93c build/Release/production/_ext/110090296/tcp_in.o
                0x00403f2c                tcp_input
 .text.tcp_create_segment
                0x00404868       0xd4 build/Release/production/_ext/110090296/tcp_out.o
 .text.tcp_output_alloc_header.constprop.1
                0x0040493c       0x68 build/Release/production/_ext/110090296/tcp_out.o
 .text.tcp_write
                0x004049a4      0x314 build/Release/production/_ext/110090296/tcp_out.o
                0x004049a4                tcp_write
 .text.tcp_enqueue_flags
                0x00404cb8       0xac build/Release/production/_ext/110090296/tcp_out.o
                0x00404cb8                tcp_enqueue_flags
 .text.tcp_send_fin
                0x00404d64       0x54 build/Release/production/_ext/110090296/tcp_out.o
                0x00404d64                tcp_send_fin
 .text.tcp_send_empty_ack
                0x00404db8       0x74 build/Release/production/_ext/110090296/tcp_out.o
                0x00404db8                tcp_send_empty_ack
 .text.tcp_output
                0x00404e2c      0x2a0 build/Release/production/_ext/110090296/tcp_out.o
                0x00404e2c                tcp_output
 .text.tcp_rst  0x004050cc       0xb4 build/Release/production/_ext/110090296/tcp_out.o
                0x004050cc                tcp_rst
 .text.tcp_rexmit_rto
                0x00405180       0x2c build/Release/production/_ext/110090296/tcp_out.o
                0x00405180                tcp_rexmit_rto
 .text.tcp_rexmit
                0x004051ac       0x58 build/Release/production/_ext/110090296/tcp_out.o
                0x004051ac                tcp_rexmit
 .text.tcp_rexmit_fast
                0x00405204       0x58 build/Release/production/_ext/110090296/tcp_out.o
                0x00405204                tcp_rexmit_fast
 .text.tcp_keepalive
                0x0040525c       0xb8 build/Release/production/_ext/110090296/tcp_out.o
                0x0040525c                tcp_keepalive
 .text.tcp_zero_window_probe
                0x00405314      0x114 build/Release/production/_ext/110090296/tcp_out.o
                0x00405314                tcp_zero_window_probe
 .text.udp_init
                0x00405428        0x2 build/Release/production/_ext/110090296/udp.o
                0x00405428                udp_init
 *fill*         0x0040542a        0x2 
 .text.udp_input
                0x0040542c      0x168 build/Release/production/_ext/110090296/udp.o
                0x0040542c                udp_input
 .text.etharp_free_entry
                0x00405594       0x34 build/Release/production/_ext/872305151/etharp.o
 .text.etharp_find_entry
                0x004055c8       0xd4 build/Release/production/_ext/872305151/etharp.o
 .text.etharp_send_ip
                0x0040569c       0x24 build/Release/production/_ext/872305151/etharp.o
 .text.etharp_tmr
                0x004056c0       0x40 build/Release/production/_ext/872305151/etharp.o
                0x004056c0                etharp_tmr
 .text.etharp_request
                0x00405700       0xa8 build/Release/production/_ext/872305151/etharp.o
                0x00405700                etharp_request
 .text.etharp_output_to_arp_index
                0x004057a8       0x58 build/Release/production/_ext/872305151/etharp.o
 .text.etharp_query
                0x00405800      0x120 build/Release/production/_ext/872305151/etharp.o
                0x00405800                etharp_query
 .text.etharp_output
                0x00405920      0x104 build/Release/production/_ext/872305151/etharp.o
                0x00405920                etharp_output
 .text.ethernet_input
                0x00405a24      0x1d4 build/Release/production/_ext/872305151/etharp.o
                0x00405a24                ethernet_input
 .text.gmac_rx_populate_queue
                0x00405bf8       0x48 build/Release/production/_ext/994942402/samv71_gmac.o
 .text.gmac_low_level_output
                0x00405c40       0x78 build/Release/production/_ext/994942402/samv71_gmac.o
 .text.GMAC_Handler
                0x00405cb8       0x18 build/Release/production/_ext/994942402/samv71_gmac.o
                0x00405cb8                GMAC_Handler
 .text.ethernetif_input
                0x00405cd0       0xa0 build/Release/production/_ext/994942402/samv71_gmac.o
                0x00405cd0                ethernetif_input
 .text.ethernetif_init
                0x00405d70      0x200 build/Release/production/_ext/994942402/samv71_gmac.o
                0x00405d70                ethernetif_init
 .text.status_callback
                0x00405f70       0x54 build/Release/production/_ext/1562571572/ethernet.o
                0x00405f70                status_callback
 .text.init_ethernet
                0x00405fc4       0x8c build/Release/production/_ext/1562571572/ethernet.o
                0x00405fc4                init_ethernet
 .text.ethernet_task
                0x00406050       0x64 build/Release/production/_ext/1562571572/ethernet.o
                0x00406050                ethernet_task
 .text.TC0_Handler
                0x004060b4       0x1c build/Release/production/_ext/1562571572/timer_mgt.o
                0x004060b4                TC0_Handler
 .text.sys_init_timing
                0x004060d0       0x8c build/Release/production/_ext/1562571572/timer_mgt.o
                0x004060d0                sys_init_timing
 .text.sys_get_ms
                0x0040615c        0xc build/Release/production/_ext/1562571572/timer_mgt.o
                0x0040615c                sys_get_ms
 .text.sys_now  0x00406168        0xc build/Release/production/_ext/1562571572/timer_mgt.o
                0x00406168                sys_now
 .text.usart_serial_getchar
                0x00406174       0xc4 build/Release/production/_ext/1360937237/raw_http_basic_example.o
 .text.usart_serial_putchar
                0x00406238       0xbc build/Release/production/_ext/1360937237/raw_http_basic_example.o
 .text.startup.main
                0x004062f4       0xd0 build/Release/production/_ext/1360937237/raw_http_basic_example.o
                0x004062f4                main
 .text.__libc_init_array
                0x004063c4       0x50 c:/program files (x86)/atmel/studio/7.0/toolchain/arm/arm-gnu-toolchain/bin/../lib/gcc/arm-none-eabi/6.3.1/../../../../arm-none-eabi/lib/thumb/v7e-m\libc.a(lib_a-init.o)
                0x004063c4                __libc_init_array
 .text.iprintf  0x00406414       0x28 c:/program files (x86)/atmel/studio/7.0/toolchain/arm/arm-gnu-toolchain/bin/../lib/gcc/arm-none-eabi/6.3.1/../../../../arm-none-eabi/lib/thumb/v7e-m\libc.a(lib_a-iprintf.o)
                0x00406414                iprintf
 .text.memcmp   0x0040643c       0x60 c:/program files (x86)/atmel/studio/7.0/toolchain/arm/arm-gnu-toolchain/bin/../lib/gcc/arm-none-eabi/6.3.1/../../../../arm-none-eabi/lib/thumb/v7e-m\libc.a(lib_a-memcmp.o)
                0x0040643c                memcmp
 .text          0x0040649c      0x134 c:/program files (x86)/atmel/studio/7.0/toolchain/arm/arm-gnu-toolchain/bin/../lib/gcc/arm-none-eabi/6.3.1/../../../../arm-none-eabi/lib/thumb/v7e-m\libc.a(lib_a-memcpy.o)
                0x0040649c                memcpy
 .text.memset   0x004065d0       0x9c c:/program files (x86)/atmel/studio/7.0/toolchain/arm/arm-gnu-toolchain/bin/../lib/gcc/arm-none-eabi/6.3.1/../../../../arm-none-eabi/lib/thumb/v7e-m\libc.a(lib_a-memset.o)
                0x004065d0                memset
 .text._puts_r  0x0040666c       0x9c c:/program files (x86)/atmel/studio/7.0/toolchain/arm/arm-gnu-toolchain/bin/../lib/gcc/arm-none-eabi/6.3.1/../../../../arm-none-eabi/lib/thumb/v7e-m\libc.a(lib_a-puts.o)
                0x0040666c                _puts_r
 .text.puts     0x00406708       0x10 c:/program files (x86)/atmel/studio/7.0/toolchain/arm/arm-gnu-toolchain/bin/../lib/gcc/arm-none-eabi/6.3.1/../../../../arm-none-eabi/lib/thumb/v7e-m\libc.a(lib_a-puts.o)
                0x00406708                puts
 .text.setbuf   0x00406718       0x10 c:/program files (x86)/atmel/studio/7.0/toolchain/arm/arm-gnu-toolchain/bin/../lib/gcc/arm-none-eabi/6.3.1/../../../../arm-none-eabi/lib/thumb/v7e-m\libc.a(lib_a-setbuf.o)
                0x00406718                setbuf
 .text.setvbuf  0x00406728      0x190 c:/program files (x86)/atmel/studio/7.0/toolchain/arm/arm-gnu-toolchain/bin/../lib/gcc/arm-none-eabi/6.3.1/../../../../arm-none-eabi/lib/thumb/v7e-m\libc.a(lib_a-setvbuf.o)
                0x00406728                setvbuf
 .text.strcat   0x004068b8       0x40 c:/program files (x86)/atmel/studio/7.0/toolchain/arm/arm-gnu-toolchain/bin/../lib/gcc/arm-none-eabi/6.3.1/../../../../arm-none-eabi/lib/thumb/v7e-m\libc.a(lib_a-strcat.o)
                0x004068b8                strcat
 .text.strcpy   0x004068f8       0xbc c:/program files (x86)/atmel/studio/7.0/toolchain/arm/arm-gnu-toolchain/bin/../lib/gcc/arm-none-eabi/6.3.1/../../../../arm-none-eabi/lib/thumb/v7e-m\libc.a(lib_a-strcpy.o)
                0x004068f8                strcpy
 *fill*         0x004069b4        0xc 
 .text          0x004069c0       0xdc c:/program files (x86)/atmel/studio/7.0/toolchain/arm/arm-gnu-toolchain/bin/../lib/gcc/arm-none-eabi/6.3.1/../../../../arm-none-eabi/lib/thumb/v7e-m\libc.a(lib_a-strlen.o)
                0x004069c0                strlen
 .text.__sprint_r.part.0
                0x00406a9c       0x80 c:/program files (x86)/atmel/studio/7.0/toolchain/arm/arm-gnu-toolchain/bin/../lib/gcc/arm-none-eabi/6.3.1/../../../../arm-none-eabi/lib/thumb/v7e-m\libc.a(lib_a-vfiprintf.o)
 .text._vfiprintf_r
                0x00406b1c      0xc90 c:/program files (x86)/atmel/studio/7.0/toolchain/arm/arm-gnu-toolchain/bin/../lib/gcc/arm-none-eabi/6.3.1/../../../../arm-none-eabi/lib/thumb/v7e-m\libc.a(lib_a-vfiprintf.o)
                0x00406b1c                _vfiprintf_r
 .text.__sbprintf
                0x004077ac       0x84 c:/program files (x86)/atmel/studio/7.0/toolchain/arm/arm-gnu-toolchain/bin/../lib/gcc/arm-none-eabi/6.3.1/../../../../arm-none-eabi/lib/thumb/v7e-m\libc.a(lib_a-vfiprintf.o)
 .text.__swsetup_r
                0x00407830       0xc8 c:/program files (x86)/atmel/studio/7.0/toolchain/arm/arm-gnu-toolchain/bin/../lib/gcc/arm-none-eabi/6.3.1/../../../../arm-none-eabi/lib/thumb/v7e-m\libc.a(lib_a-wsetup.o)
                0x00407830                __swsetup_r
 .text.startup.register_fini
                0x004078f8       0x14 c:/program files (x86)/atmel/studio/7.0/toolchain/arm/arm-gnu-toolchain/bin/../lib/gcc/arm-none-eabi/6.3.1/../../../../arm-none-eabi/lib/thumb/v7e-m\libc.a(lib_a-__call_atexit.o)
 .text.atexit   0x0040790c        0xc c:/program files (x86)/atmel/studio/7.0/toolchain/arm/arm-gnu-toolchain/bin/../lib/gcc/arm-none-eabi/6.3.1/../../../../arm-none-eabi/lib/thumb/v7e-m\libc.a(lib_a-atexit.o)
                0x0040790c                atexit
 .text.__sflush_r
                0x00407918      0x140 c:/program files (x86)/atmel/studio/7.0/toolchain/arm/arm-gnu-toolchain/bin/../lib/gcc/arm-none-eabi/6.3.1/../../../../arm-none-eabi/lib/thumb/v7e-m\libc.a(lib_a-fflush.o)
                0x00407918                __sflush_r
 .text._fflush_r
                0x00407a58       0x54 c:/program files (x86)/atmel/studio/7.0/toolchain/arm/arm-gnu-toolchain/bin/../lib/gcc/arm-none-eabi/6.3.1/../../../../arm-none-eabi/lib/thumb/v7e-m\libc.a(lib_a-fflush.o)
                0x00407a58                _fflush_r
 .text._cleanup_r
                0x00407aac        0xc c:/program files (x86)/atmel/studio/7.0/toolchain/arm/arm-gnu-toolchain/bin/../lib/gcc/arm-none-eabi/6.3.1/../../../../arm-none-eabi/lib/thumb/v7e-m\libc.a(lib_a-findfp.o)
                0x00407aac                _cleanup_r
 .text.std.isra.0
                0x00407ab8       0x50 c:/program files (x86)/atmel/studio/7.0/toolchain/arm/arm-gnu-toolchain/bin/../lib/gcc/arm-none-eabi/6.3.1/../../../../arm-none-eabi/lib/thumb/v7e-m\libc.a(lib_a-findfp.o)
 .text.__sinit  0x00407b08       0x58 c:/program files (x86)/atmel/studio/7.0/toolchain/arm/arm-gnu-toolchain/bin/../lib/gcc/arm-none-eabi/6.3.1/../../../../arm-none-eabi/lib/thumb/v7e-m\libc.a(lib_a-findfp.o)
                0x00407b08                __sinit
 .text.__sfp_lock_acquire
                0x00407b60        0xc c:/program files (x86)/atmel/studio/7.0/toolchain/arm/arm-gnu-toolchain/bin/../lib/gcc/arm-none-eabi/6.3.1/../../../../arm-none-eabi/lib/thumb/v7e-m\libc.a(lib_a-findfp.o)
                0x00407b60                __sfp_lock_acquire
 .text.__sfp_lock_release
                0x00407b6c        0xc c:/program files (x86)/atmel/studio/7.0/toolchain/arm/arm-gnu-toolchain/bin/../lib/gcc/arm-none-eabi/6.3.1/../../../../arm-none-eabi/lib/thumb/v7e-m\libc.a(lib_a-findfp.o)
                0x00407b6c                __sfp_lock_release
 .text.__libc_fini_array
                0x00407b78       0x34 c:/program files (x86)/atmel/studio/7.0/toolchain/arm/arm-gnu-toolchain/bin/../lib/gcc/arm-none-eabi/6.3.1/../../../../arm-none-eabi/lib/thumb/v7e-m\libc.a(lib_a-fini.o)
                0x00407b78                __libc_fini_array
 .text.__fputwc
                0x00407bac       0xa0 c:/program files (x86)/atmel/studio/7.0/toolchain/arm/arm-gnu-toolchain/bin/../lib/gcc/arm-none-eabi/6.3.1/../../../../arm-none-eabi/lib/thumb/v7e-m\libc.a(lib_a-fputwc.o)
                0x00407bac                __fputwc
 .text._fputwc_r
                0x00407c4c       0x68 c:/program files (x86)/atmel/studio/7.0/toolchain/arm/arm-gnu-toolchain/bin/../lib/gcc/arm-none-eabi/6.3.1/../../../../arm-none-eabi/lib/thumb/v7e-m\libc.a(lib_a-fputwc.o)
                0x00407c4c                _fputwc_r
 .text._malloc_trim_r
                0x00407cb4       0xa0 c:/program files (x86)/atmel/studio/7.0/toolchain/arm/arm-gnu-toolchain/bin/../lib/gcc/arm-none-eabi/6.3.1/../../../../arm-none-eabi/lib/thumb/v7e-m\libc.a(lib_a-freer.o)
                0x00407cb4                _malloc_trim_r
 .text._free_r  0x00407d54      0x1cc c:/program files (x86)/atmel/studio/7.0/toolchain/arm/arm-gnu-toolchain/bin/../lib/gcc/arm-none-eabi/6.3.1/../../../../arm-none-eabi/lib/thumb/v7e-m\libc.a(lib_a-freer.o)
                0x00407d54                _free_r
 .text.__sfvwrite_r
                0x00407f20      0x2f0 c:/program files (x86)/atmel/studio/7.0/toolchain/arm/arm-gnu-toolchain/bin/../lib/gcc/arm-none-eabi/6.3.1/../../../../arm-none-eabi/lib/thumb/v7e-m\libc.a(lib_a-fvwrite.o)
                0x00407f20                __sfvwrite_r
 .text._fwalk_reent
                0x00408210       0x54 c:/program files (x86)/atmel/studio/7.0/toolchain/arm/arm-gnu-toolchain/bin/../lib/gcc/arm-none-eabi/6.3.1/../../../../arm-none-eabi/lib/thumb/v7e-m\libc.a(lib_a-fwalk.o)
                0x00408210                _fwalk_reent
 .text.__locale_mb_cur_max
                0x00408264       0x1c c:/program files (x86)/atmel/studio/7.0/toolchain/arm/arm-gnu-toolchain/bin/../lib/gcc/arm-none-eabi/6.3.1/../../../../arm-none-eabi/lib/thumb/v7e-m\libc.a(lib_a-locale.o)
                0x00408264                __locale_mb_cur_max
 .text.__retarget_lock_init_recursive
                0x00408280        0x4 c:/program files (x86)/atmel/studio/7.0/toolchain/arm/arm-gnu-toolchain/bin/../lib/gcc/arm-none-eabi/6.3.1/../../../../arm-none-eabi/lib/thumb/v7e-m\libc.a(lib_a-lock.o)
                0x00408280                __retarget_lock_init_recursive
 .text.__retarget_lock_close_recursive
                0x00408284        0x4 c:/program files (x86)/atmel/studio/7.0/toolchain/arm/arm-gnu-toolchain/bin/../lib/gcc/arm-none-eabi/6.3.1/../../../../arm-none-eabi/lib/thumb/v7e-m\libc.a(lib_a-lock.o)
                0x00408284                __retarget_lock_close_recursive
 .text.__retarget_lock_acquire_recursive
                0x00408288        0x4 c:/program files (x86)/atmel/studio/7.0/toolchain/arm/arm-gnu-toolchain/bin/../lib/gcc/arm-none-eabi/6.3.1/../../../../arm-none-eabi/lib/thumb/v7e-m\libc.a(lib_a-lock.o)
                0x00408288                __retarget_lock_acquire_recursive
 .text.__retarget_lock_release_recursive
                0x0040828c        0x4 c:/program files (x86)/atmel/studio/7.0/toolchain/arm/arm-gnu-toolchain/bin/../lib/gcc/arm-none-eabi/6.3.1/../../../../arm-none-eabi/lib/thumb/v7e-m\libc.a(lib_a-lock.o)
                0x0040828c                __retarget_lock_release_recursive
 .text.__swhatbuf_r
                0x00408290       0x5c c:/program files (x86)/atmel/studio/7.0/toolchain/arm/arm-gnu-toolchain/bin/../lib/gcc/arm-none-eabi/6.3.1/../../../../arm-none-eabi/lib/thumb/v7e-m\libc.a(lib_a-makebuf.o)
                0x00408290                __swhatbuf_r
 .text.__smakebuf_r
                0x004082ec       0x94 c:/program files (x86)/atmel/studio/7.0/toolchain/arm/arm-gnu-toolchain/bin/../lib/gcc/arm-none-eabi/6.3.1/../../../../arm-none-eabi/lib/thumb/v7e-m\libc.a(lib_a-makebuf.o)
                0x004082ec                __smakebuf_r
 .text.malloc   0x00408380       0x10 c:/program files (x86)/atmel/studio/7.0/toolchain/arm/arm-gnu-toolchain/bin/../lib/gcc/arm-none-eabi/6.3.1/../../../../arm-none-eabi/lib/thumb/v7e-m\libc.a(lib_a-malloc.o)
                0x00408380                malloc
 .text._malloc_r
                0x00408390      0x560 c:/program files (x86)/atmel/studio/7.0/toolchain/arm/arm-gnu-toolchain/bin/../lib/gcc/arm-none-eabi/6.3.1/../../../../arm-none-eabi/lib/thumb/v7e-m\libc.a(lib_a-mallocr.o)
                0x00408390                _malloc_r
 .text.__ascii_mbtowc
                0x004088f0       0x2c c:/program files (x86)/atmel/studio/7.0/toolchain/arm/arm-gnu-toolchain/bin/../lib/gcc/arm-none-eabi/6.3.1/../../../../arm-none-eabi/lib/thumb/v7e-m\libc.a(lib_a-mbtowc_r.o)
                0x004088f0                __ascii_mbtowc
 *fill*         0x0040891c        0x4 
 .text          0x00408920       0xa0 c:/program files (x86)/atmel/studio/7.0/toolchain/arm/arm-gnu-toolchain/bin/../lib/gcc/arm-none-eabi/6.3.1/../../../../arm-none-eabi/lib/thumb/v7e-m\libc.a(lib_a-memchr.o)
                0x00408920                memchr
 .text.memmove  0x004089c0       0xc8 c:/program files (x86)/atmel/studio/7.0/toolchain/arm/arm-gnu-toolchain/bin/../lib/gcc/arm-none-eabi/6.3.1/../../../../arm-none-eabi/lib/thumb/v7e-m\libc.a(lib_a-memmove.o)
                0x004089c0                memmove
 .text.__malloc_lock
                0x00408a88        0xc c:/program files (x86)/atmel/studio/7.0/toolchain/arm/arm-gnu-toolchain/bin/../lib/gcc/arm-none-eabi/6.3.1/../../../../arm-none-eabi/lib/thumb/v7e-m\libc.a(lib_a-mlock.o)
                0x00408a88                __malloc_lock
 .text.__malloc_unlock
                0x00408a94        0xc c:/program files (x86)/atmel/studio/7.0/toolchain/arm/arm-gnu-toolchain/bin/../lib/gcc/arm-none-eabi/6.3.1/../../../../arm-none-eabi/lib/thumb/v7e-m\libc.a(lib_a-mlock.o)
                0x00408a94                __malloc_unlock
 .text._realloc_r
                0x00408aa0      0x34c c:/program files (x86)/atmel/studio/7.0/toolchain/arm/arm-gnu-toolchain/bin/../lib/gcc/arm-none-eabi/6.3.1/../../../../arm-none-eabi/lib/thumb/v7e-m\libc.a(lib_a-reallocr.o)
                0x00408aa0                _realloc_r
 .text._sbrk_r  0x00408dec       0x24 c:/program files (x86)/atmel/studio/7.0/toolchain/arm/arm-gnu-toolchain/bin/../lib/gcc/arm-none-eabi/6.3.1/../../../../arm-none-eabi/lib/thumb/v7e-m\libc.a(lib_a-sbrkr.o)
                0x00408dec                _sbrk_r
 .text.__sread  0x00408e10       0x24 c:/program files (x86)/atmel/studio/7.0/toolchain/arm/arm-gnu-toolchain/bin/../lib/gcc/arm-none-eabi/6.3.1/../../../../arm-none-eabi/lib/thumb/v7e-m\libc.a(lib_a-stdio.o)
                0x00408e10                __sread
 .text.__swrite
                0x00408e34       0x3c c:/program files (x86)/atmel/studio/7.0/toolchain/arm/arm-gnu-toolchain/bin/../lib/gcc/arm-none-eabi/6.3.1/../../../../arm-none-eabi/lib/thumb/v7e-m\libc.a(lib_a-stdio.o)
                0x00408e34                __swrite
 .text.__sseek  0x00408e70       0x20 c:/program files (x86)/atmel/studio/7.0/toolchain/arm/arm-gnu-toolchain/bin/../lib/gcc/arm-none-eabi/6.3.1/../../../../arm-none-eabi/lib/thumb/v7e-m\libc.a(lib_a-stdio.o)
                0x00408e70                __sseek
 .text.__sclose
                0x00408e90        0x8 c:/program files (x86)/atmel/studio/7.0/toolchain/arm/arm-gnu-toolchain/bin/../lib/gcc/arm-none-eabi/6.3.1/../../../../arm-none-eabi/lib/thumb/v7e-m\libc.a(lib_a-stdio.o)
                0x00408e90                __sclose
 .text.__swbuf_r
                0x00408e98       0xb0 c:/program files (x86)/atmel/studio/7.0/toolchain/arm/arm-gnu-toolchain/bin/../lib/gcc/arm-none-eabi/6.3.1/../../../../arm-none-eabi/lib/thumb/v7e-m\libc.a(lib_a-wbuf.o)
                0x00408e98                __swbuf_r
 .text._wcrtomb_r
                0x00408f48       0x54 c:/program files (x86)/atmel/studio/7.0/toolchain/arm/arm-gnu-toolchain/bin/../lib/gcc/arm-none-eabi/6.3.1/../../../../arm-none-eabi/lib/thumb/v7e-m\libc.a(lib_a-wcrtomb.o)
                0x00408f48                _wcrtomb_r
 .text.__ascii_wctomb
                0x00408f9c       0x1c c:/program files (x86)/atmel/studio/7.0/toolchain/arm/arm-gnu-toolchain/bin/../lib/gcc/arm-none-eabi/6.3.1/../../../../arm-none-eabi/lib/thumb/v7e-m\libc.a(lib_a-wctomb_r.o)
                0x00408f9c                __ascii_wctomb
 .text._write_r
                0x00408fb8       0x2c c:/program files (x86)/atmel/studio/7.0/toolchain/arm/arm-gnu-toolchain/bin/../lib/gcc/arm-none-eabi/6.3.1/../../../../arm-none-eabi/lib/thumb/v7e-m\libc.a(lib_a-writer.o)
                0x00408fb8                _write_r
 .text.__register_exitproc
                0x00408fe4       0xc4 c:/program files (x86)/atmel/studio/7.0/toolchain/arm/arm-gnu-toolchain/bin/../lib/gcc/arm-none-eabi/6.3.1/../../../../arm-none-eabi/lib/thumb/v7e-m\libc.a(lib_a-__atexit.o)
                0x00408fe4                __register_exitproc
 .text._close_r
                0x004090a8       0x24 c:/program files (x86)/atmel/studio/7.0/toolchain/arm/arm-gnu-toolchain/bin/../lib/gcc/arm-none-eabi/6.3.1/../../../../arm-none-eabi/lib/thumb/v7e-m\libc.a(lib_a-closer.o)
                0x004090a8                _close_r
 .text._fclose_r
                0x004090cc       0xc4 c:/program files (x86)/atmel/studio/7.0/toolchain/arm/arm-gnu-toolchain/bin/../lib/gcc/arm-none-eabi/6.3.1/../../../../arm-none-eabi/lib/thumb/v7e-m\libc.a(lib_a-fclose.o)
                0x004090cc                _fclose_r
 .text._fstat_r
                0x00409190       0x28 c:/program files (x86)/atmel/studio/7.0/toolchain/arm/arm-gnu-toolchain/bin/../lib/gcc/arm-none-eabi/6.3.1/../../../../arm-none-eabi/lib/thumb/v7e-m\libc.a(lib_a-fstatr.o)
                0x00409190                _fstat_r
 .text._isatty_r
                0x004091b8       0x24 c:/program files (x86)/atmel/studio/7.0/toolchain/arm/arm-gnu-toolchain/bin/../lib/gcc/arm-none-eabi/6.3.1/../../../../arm-none-eabi/lib/thumb/v7e-m\libc.a(lib_a-isattyr.o)
                0x004091b8                _isatty_r
 .text._lseek_r
                0x004091dc       0x2c c:/program files (x86)/atmel/studio/7.0/toolchain/arm/arm-gnu-toolchain/bin/../lib/gcc/arm-none-eabi/6.3.1/../../../../arm-none-eabi/lib/thumb/v7e-m\libc.a(lib_a-lseekr.o)
                0x004091dc                _lseek_r
 .text._read_r  0x00409208       0x2c c:/program files (x86)/atmel/studio/7.0/toolchain/arm/arm-gnu-toolchain/bin/../lib/gcc/arm-none-eabi/6.3.1/../../../../arm-none-eabi/lib/thumb/v7e-m\libc.a(lib_a-readr.o)
                0x00409208                _read_r
 .text          0x00409234       0x30 c:/program files (x86)/atmel/studio/7.0/toolchain/arm/arm-gnu-toolchain/bin/../lib/gcc/arm-none-eabi/6.3.1/thumb/v7e-m\libgcc.a(_aeabi_uldivmod.o)
                0x00409234                __aeabi_uldivmod
 .text          0x00409264      0x2dc c:/program files (x86)/atmel/studio/7.0/toolchain/arm/arm-gnu-toolchain/bin/../lib/gcc/arm-none-eabi/6.3.1/thumb/v7e-m\libgcc.a(_udivmoddi4.o)
                0x00409264                __udivmoddi4
 .text          0x00409540        0x4 c:/program files (x86)/atmel/studio/7.0/toolchain/arm/arm-gnu-toolchain/bin/../lib/gcc/arm-none-eabi/6.3.1/thumb/v7e-m\libgcc.a(_dvmd_tls.o)
                0x00409540                __aeabi_idiv0
                0x00409540                __aeabi_ldiv0
 *(.glue_7t)
 .glue_7t       0x00409544        0x0 linker stubs
 *(.glue_7)
 .glue_7        0x00409544        0x0 linker stubs
 *(.rodata .rodata* .gnu.linkonce.r.*)
 .rodata.CSWTCH.4
                0x00409544        0x6 build/Release/production/_ext/1657736355/pmc.o
 *fill*         0x0040954a        0x2 
 .rodata.ip_addr_any
                0x0040954c        0x4 build/Release/production/_ext/1276229284/ip_addr.o
                0x0040954c                ip_addr_any
 .rodata.memp_malloc.str1.1
                0x00409550       0x7b build/Release/production/_ext/110090296/memp.o
 *fill*         0x004095cb        0x1 
 .rodata.memp_num
                0x004095cc       0x12 build/Release/production/_ext/110090296/memp.o
 .rodata.memp_sizes
                0x004095de       0x12 build/Release/production/_ext/110090296/memp.o
 .rodata.pbuf_cat.str1.1
                0x004095f0       0x35 build/Release/production/_ext/110090296/pbuf.o
 .rodata.pbuf_copy.str1.1
                0x00409625       0x68 build/Release/production/_ext/110090296/pbuf.o
 .rodata.pbuf_copy_partial.str1.1
                0x0040968d       0x42 build/Release/production/_ext/110090296/pbuf.o
 .rodata.pbuf_header.str1.1
                0x004096cf       0x54 build/Release/production/_ext/110090296/pbuf.o
                                 0x7c (size before relaxing)
 .rodata.str1.1
                0x00409723       0x61 build/Release/production/_ext/110090296/tcp.o
                                 0x68 (size before relaxing)
 .rodata.tcp_alloc.str1.1
                0x00409784       0xcf build/Release/production/_ext/110090296/tcp.o
 .rodata.tcp_backoff
                0x00409853        0xd build/Release/production/_ext/110090296/tcp.o
                0x00409853                tcp_backoff
 .rodata.tcp_bind.str1.1
                0x00409860       0x79 build/Release/production/_ext/110090296/tcp.o
                                 0xa1 (size before relaxing)
 .rodata.tcp_close.str1.1
                0x004098d9       0x17 build/Release/production/_ext/110090296/tcp.o
 .rodata.tcp_debug_print.str1.1
                0x004098f0      0x130 build/Release/production/_ext/110090296/tcp.o
 .rodata.tcp_debug_print_flags.str1.1
                0x00409a20       0x28 build/Release/production/_ext/110090296/tcp.o
                                 0x2a (size before relaxing)
 .rodata.tcp_debug_print_state.str1.1
                0x00409a48        0xb build/Release/production/_ext/110090296/tcp.o
 .rodata.tcp_fasttmr.str1.1
                0x00409a53       0x1a build/Release/production/_ext/110090296/tcp.o
 .rodata.tcp_listen_with_backlog.str1.1
                0x00409a6d       0x22 build/Release/production/_ext/110090296/tcp.o
 *fill*         0x00409a8f        0x1 
 .rodata.tcp_pcb_lists
                0x00409a90       0x10 build/Release/production/_ext/110090296/tcp.o
                0x00409a90                tcp_pcb_lists
 .rodata.tcp_pcb_purge.str1.1
                0x00409aa0       0xa9 build/Release/production/_ext/110090296/tcp.o
 .rodata.tcp_persist_backoff
                0x00409b49        0x7 build/Release/production/_ext/110090296/tcp.o
                0x00409b49                tcp_persist_backoff
 .rodata.tcp_recved.str1.1
                0x00409b50       0x31 build/Release/production/_ext/110090296/tcp.o
 .rodata.tcp_slowtmr.str1.1
                0x00409b81      0x182 build/Release/production/_ext/110090296/tcp.o
 *fill*         0x00409d03        0x1 
 .rodata.tcp_state_str
                0x00409d04       0x2c build/Release/production/_ext/110090296/tcp.o
                0x00409d04                tcp_state_str
 .rodata.tcp_input.str1.1
                0x00409d30      0x19a build/Release/production/_ext/110090296/tcp_in.o
 .rodata.tcp_keepalive.str1.1
                0x00409eca       0xd3 build/Release/production/_ext/110090296/tcp_out.o
 .rodata.tcp_rst.str1.1
                0x00409f9d       0x2d build/Release/production/_ext/110090296/tcp_out.o
 .rodata.tcp_write.str1.1
                0x00409fca       0x6a build/Release/production/_ext/110090296/tcp_out.o
                                 0x92 (size before relaxing)
 .rodata.tcp_zero_window_probe.str1.1
                0x0040a034       0xe5 build/Release/production/_ext/110090296/tcp_out.o
 .rodata.ethbroadcast
                0x0040a119        0x6 build/Release/production/_ext/872305151/etharp.o
                0x0040a119                ethbroadcast
 .rodata.ethzero
                0x0040a11f        0x6 build/Release/production/_ext/872305151/etharp.o
                0x0040a11f                ethzero
 .rodata.init_ethernet.str1.1
                0x0040a125       0x1d build/Release/production/_ext/1562571572/ethernet.o
 .rodata.status_callback.str1.1
                0x0040a142       0x23 build/Release/production/_ext/1562571572/ethernet.o
 .rodata.main.str1.1
                0x0040a165       0x59 build/Release/production/_ext/1360937237/raw_http_basic_example.o
 *fill*         0x0040a1be        0x2 
 .rodata._global_impure_ptr
                0x0040a1c0        0x4 c:/program files (x86)/atmel/studio/7.0/toolchain/arm/arm-gnu-toolchain/bin/../lib/gcc/arm-none-eabi/6.3.1/../../../../arm-none-eabi/lib/thumb/v7e-m\libc.a(lib_a-impure.o)
                0x0040a1c0                _global_impure_ptr
 .rodata._puts_r.str1.4
                0x0040a1c4        0x2 c:/program files (x86)/atmel/studio/7.0/toolchain/arm/arm-gnu-toolchain/bin/../lib/gcc/arm-none-eabi/6.3.1/../../../../arm-none-eabi/lib/thumb/v7e-m\libc.a(lib_a-puts.o)
 *fill*         0x0040a1c6        0x2 
 .rodata._vfiprintf_r.str1.4
                0x0040a1c8       0x2f c:/program files (x86)/atmel/studio/7.0/toolchain/arm/arm-gnu-toolchain/bin/../lib/gcc/arm-none-eabi/6.3.1/../../../../arm-none-eabi/lib/thumb/v7e-m\libc.a(lib_a-vfiprintf.o)
 *fill*         0x0040a1f7        0x1 
 .rodata.blanks.7217
                0x0040a1f8       0x10 c:/program files (x86)/atmel/studio/7.0/toolchain/arm/arm-gnu-toolchain/bin/../lib/gcc/arm-none-eabi/6.3.1/../../../../arm-none-eabi/lib/thumb/v7e-m\libc.a(lib_a-vfiprintf.o)
 .rodata.zeroes.7218
                0x0040a208       0x10 c:/program files (x86)/atmel/studio/7.0/toolchain/arm/arm-gnu-toolchain/bin/../lib/gcc/arm-none-eabi/6.3.1/../../../../arm-none-eabi/lib/thumb/v7e-m\libc.a(lib_a-vfiprintf.o)
 .rodata._setlocale_r.str1.4
                0x0040a218        0xa c:/program files (x86)/atmel/studio/7.0/toolchain/arm/arm-gnu-toolchain/bin/../lib/gcc/arm-none-eabi/6.3.1/../../../../arm-none-eabi/lib/thumb/v7e-m\libc.a(lib_a-locale.o)
                                  0xd (size before relaxing)
 *fill*         0x0040a222        0x2 
 .rodata.str1.4
                0x0040a224        0x4 c:/program files (x86)/atmel/studio/7.0/toolchain/arm/arm-gnu-toolchain/bin/../lib/gcc/arm-none-eabi/6.3.1/../../../../arm-none-eabi/lib/thumb/v7e-m\libc.a(lib_a-locale.o)
                                  0x2 (size before relaxing)
 .rodata._ctype_
                0x0040a228      0x101 c:/program files (x86)/atmel/studio/7.0/toolchain/arm/arm-gnu-toolchain/bin/../lib/gcc/arm-none-eabi/6.3.1/../../../../arm-none-eabi/lib/thumb/v7e-m\libc.a(lib_a-ctype_.o)
                0x0040a228                _ctype_
 *(.ARM.extab* .gnu.linkonce.armextab.*)
                0x0040a32c                . = ALIGN (0x4)
 *fill*         0x0040a329        0x3 
 *(.init)
 .init          0x0040a32c        0x4 c:/program files (x86)/atmel/studio/7.0/toolchain/arm/arm-gnu-toolchain/bin/../lib/gcc/arm-none-eabi/6.3.1/thumb/v7e-m/crti.o
                0x0040a32c                _init
 .init          0x0040a330        0x8 c:/program files (x86)/atmel/studio/7.0/toolchain/arm/arm-gnu-toolchain/bin/../lib/gcc/arm-none-eabi/6.3.1/thumb/v7e-m/crtn.o
                0x0040a338                . = ALIGN (0x4)
                0x0040a338                __preinit_array_start = .
 *(.preinit_array)
                0x0040a338                __preinit_array_end = .
                0x0040a338                . = ALIGN (0x4)
                0x0040a338                __init_array_start = .
 *(SORT(.init_array.*))
 .init_array.00000
                0x0040a338        0x4 c:/program files (x86)/atmel/studio/7.0/toolchain/arm/arm-gnu-toolchain/bin/../lib/gcc/arm-none-eabi/6.3.1/../../../../arm-none-eabi/lib/thumb/v7e-m\libc.a(lib_a-__call_atexit.o)
 *(.init_array)
 .init_array    0x0040a33c        0x4 c:/program files (x86)/atmel/studio/7.0/toolchain/arm/arm-gnu-toolchain/bin/../lib/gcc/arm-none-eabi/6.3.1/thumb/v7e-m/crtbegin.o
                0x0040a340                __init_array_end = .
                0x0040a340                . = ALIGN (0x4)
 *crtbegin.o(.ctors)
 *(EXCLUDE_FILE(*crtend.o) .ctors)
 *(SORT(.ctors.*))
 *crtend.o(.ctors)
                0x0040a340                . = ALIGN (0x4)
 *(.fini)
 .fini          0x0040a340        0x4 c:/program files (x86)/atmel/studio/7.0/toolchain/arm/arm-gnu-toolchain/bin/../lib/gcc/arm-none-eabi/6.3.1/thumb/v7e-m/crti.o
                0x0040a340                _fini
 .fini          0x0040a344        0x8 c:/program files (x86)/atmel/studio/7.0/toolchain/arm/arm-gnu-toolchain/bin/../lib/gcc/arm-none-eabi/6.3.1/thumb/v7e-m/crtn.o
                0x0040a34c                . = ALIGN (0x4)
                0x0040a34c                __fini_array_start = .
 *(.fini_array)
 .fini_array    0x0040a34c        0x4 c:/program files (x86)/atmel/studio/7.0/toolchain/arm/arm-gnu-toolchain/bin/../lib/gcc/arm-none-eabi/6.3.1/thumb/v7e-m/crtbegin.o
 *(SORT(.fini_array.*))
                0x0040a350                __fini_array_end = .
 *crtbegin.o(.dtors)
 *(EXCLUDE_FILE(*crtend.o) .dtors)
 *(SORT(.dtors.*))
 *crtend.o(.dtors)
                0x0040a350                . = ALIGN (0x4)
                0x0040a350                _efixed = .
                [!provide]                PROVIDE (__exidx_start, .)

.vfp11_veneer   0x0040a350        0x0
 .vfp11_veneer  0x0040a350        0x0 linker stubs

.v4_bx          0x0040a350        0x0
 .v4_bx         0x0040a350        0x0 linker stubs

.iplt           0x0040a350        0x0
 .iplt          0x0040a350        0x0 c:/program files (x86)/atmel/studio/7.0/toolchain/arm/arm-gnu-toolchain/bin/../lib/gcc/arm-none-eabi/6.3.1/thumb/v7e-m/crtbegin.o

.ARM.exidx      0x0040a350        0x8
 *(.ARM.exidx* .gnu.linkonce.armexidx.*)
 .ARM.exidx     0x0040a350        0x8 c:/program files (x86)/atmel/studio/7.0/toolchain/arm/arm-gnu-toolchain/bin/../lib/gcc/arm-none-eabi/6.3.1/thumb/v7e-m\libgcc.a(_udivmoddi4.o)
                [!provide]                PROVIDE (__exidx_end, .)

.eh_frame       0x0040a358        0x0
 .eh_frame      0x0040a358        0x0 c:/program files (x86)/atmel/studio/7.0/toolchain/arm/arm-gnu-toolchain/bin/../lib/gcc/arm-none-eabi/6.3.1/thumb/v7e-m/crtbegin.o

.rel.dyn        0x0040a358        0x0
 .rel.iplt      0x0040a358        0x0 c:/program files (x86)/atmel/studio/7.0/toolchain/arm/arm-gnu-toolchain/bin/../lib/gcc/arm-none-eabi/6.3.1/thumb/v7e-m/crtbegin.o

.jcr            0x0040a358        0x0
 .jcr           0x0040a358        0x0 c:/program files (x86)/atmel/studio/7.0/toolchain/arm/arm-gnu-toolchain/bin/../lib/gcc/arm-none-eabi/6.3.1/thumb/v7e-m/crtbegin.o

.igot.plt       0x0040a358        0x0
 .igot.plt      0x0040a358        0x0 c:/program files (x86)/atmel/studio/7.0/toolchain/arm/arm-gnu-toolchain/bin/../lib/gcc/arm-none-eabi/6.3.1/thumb/v7e-m/crtbegin.o
                0x0040a358                . = ALIGN (0x4)
                0x0040a358                _etext = .

.relocate       0x20400000      0x9e0 load address 0x0040a358
                0x20400000                . = ALIGN (0x4)
                0x20400000                _srelocate = .
 *(.ramfunc .ramfunc.*)
 *(.data .data.*)
 .data.g_interrupt_enabled
                0x20400000        0x1 build/Release/production/_ext/1939168694/interrupt_sam_nvic.o
                0x20400000                g_interrupt_enabled
 *fill*         0x20400001        0x3 
 .data.SystemCoreClock
                0x20400004        0x4 build/Release/production/_ext/1712789660/system_samv71.o
                0x20400004                SystemCoreClock
 .data.iss.10708
                0x20400008        0x4 build/Release/production/_ext/110090296/tcp.o
 .data.tcp_port
                0x2040000c        0x2 build/Release/production/_ext/110090296/tcp.o
 *fill*         0x2040000e        0x2 
 .data.gs_timers_table
                0x20400010       0x24 build/Release/production/_ext/1562571572/ethernet.o
 .data._impure_ptr
                0x20400034        0x4 c:/program files (x86)/atmel/studio/7.0/toolchain/arm/arm-gnu-toolchain/bin/../lib/gcc/arm-none-eabi/6.3.1/../../../../arm-none-eabi/lib/thumb/v7e-m\libc.a(lib_a-impure.o)
                0x20400034                _impure_ptr
 .data.impure_data
                0x20400038      0x428 c:/program files (x86)/atmel/studio/7.0/toolchain/arm/arm-gnu-toolchain/bin/../lib/gcc/arm-none-eabi/6.3.1/../../../../arm-none-eabi/lib/thumb/v7e-m\libc.a(lib_a-impure.o)
 .data.__atexit_recursive_mutex
                0x20400460        0x4 c:/program files (x86)/atmel/studio/7.0/toolchain/arm/arm-gnu-toolchain/bin/../lib/gcc/arm-none-eabi/6.3.1/../../../../arm-none-eabi/lib/thumb/v7e-m\libc.a(lib_a-__call_atexit.o)
                0x20400460                __atexit_recursive_mutex
 .data.__global_locale
                0x20400464      0x16c c:/program files (x86)/atmel/studio/7.0/toolchain/arm/arm-gnu-toolchain/bin/../lib/gcc/arm-none-eabi/6.3.1/../../../../arm-none-eabi/lib/thumb/v7e-m\libc.a(lib_a-locale.o)
                0x20400464                __global_locale
 .data.__malloc_av_
                0x204005d0      0x408 c:/program files (x86)/atmel/studio/7.0/toolchain/arm/arm-gnu-toolchain/bin/../lib/gcc/arm-none-eabi/6.3.1/../../../../arm-none-eabi/lib/thumb/v7e-m\libc.a(lib_a-mallocr.o)
                0x204005d0                __malloc_av_
 .data.__malloc_sbrk_base
                0x204009d8        0x4 c:/program files (x86)/atmel/studio/7.0/toolchain/arm/arm-gnu-toolchain/bin/../lib/gcc/arm-none-eabi/6.3.1/../../../../arm-none-eabi/lib/thumb/v7e-m\libc.a(lib_a-mallocr.o)
                0x204009d8                __malloc_sbrk_base
 .data.__malloc_trim_threshold
                0x204009dc        0x4 c:/program files (x86)/atmel/studio/7.0/toolchain/arm/arm-gnu-toolchain/bin/../lib/gcc/arm-none-eabi/6.3.1/../../../../arm-none-eabi/lib/thumb/v7e-m\libc.a(lib_a-mallocr.o)
                0x204009dc                __malloc_trim_threshold
                0x204009e0                . = ALIGN (0x4)
                0x204009e0                _erelocate = .

.bss            0x204009e0     0x4068 load address 0x0040ad38
                0x204009e0                . = ALIGN (0x4)
                0x204009e0                _sbss = .
                0x204009e0                _szero = .
 *(.bss .bss.*)
 .bss           0x204009e0       0x1c c:/program files (x86)/atmel/studio/7.0/toolchain/arm/arm-gnu-toolchain/bin/../lib/gcc/arm-none-eabi/6.3.1/thumb/v7e-m/crtbegin.o
 .bss.echo_pcb  0x204009fc        0x4 build/Release/production/_ext/1360937237/echo.o
 .bss.gs_interrupt_sources
                0x20400a00       0x70 build/Release/production/_ext/1657736467/pio_handler.o
 .bss.ul_reg_val.9529
                0x20400a70        0x4 build/Release/production/_ext/353027740/usart.o
 .bss.heap.6420
                0x20400a74        0x4 build/Release/production/_ext/501093315/syscalls.o
 .bss.ip_id     0x20400a78        0x2 build/Release/production/_ext/1276229284/ip.o
 .bss.str.9883  0x20400a7a       0x10 build/Release/production/_ext/1276229284/ip_addr.o
 .bss.ip_reass_pbufcount
                0x20400a8a        0x2 build/Release/production/_ext/1276229284/ip_frag.o
 .bss.reassdatagrams
                0x20400a8c        0x4 build/Release/production/_ext/1276229284/ip_frag.o
 .bss.next_timeout
                0x20400a90        0x4 build/Release/production/_ext/110090296/lwip_timers_141.o
 .bss.tcpip_tcp_timer_active
                0x20400a94        0x4 build/Release/production/_ext/110090296/lwip_timers_141.o
 .bss.timeouts_last_time
                0x20400a98        0x4 build/Release/production/_ext/110090296/lwip_timers_141.o
 .bss.lfree     0x20400a9c        0x4 build/Release/production/_ext/110090296/mem.o
 .bss.ram       0x20400aa0        0x4 build/Release/production/_ext/110090296/mem.o
 .bss.ram_end   0x20400aa4        0x4 build/Release/production/_ext/110090296/mem.o
 .bss.memp_memory
                0x20400aa8     0x1b53 build/Release/production/_ext/110090296/memp.o
 *fill*         0x204025fb        0x1 
 .bss.memp_tab  0x204025fc       0x24 build/Release/production/_ext/110090296/memp.o
 .bss.netif_num
                0x20402620        0x1 build/Release/production/_ext/110090296/netif.o
 *fill*         0x20402621        0x3 
 .bss.raw_pcbs  0x20402624        0x4 build/Release/production/_ext/110090296/raw.o
 .bss.tcp_timer
                0x20402628        0x1 build/Release/production/_ext/110090296/tcp.o
 .bss.tcp_timer_ctr
                0x20402629        0x1 build/Release/production/_ext/110090296/tcp.o
 *fill*         0x2040262a        0x2 
 .bss.ackno     0x2040262c        0x4 build/Release/production/_ext/110090296/tcp_in.o
 .bss.flags     0x20402630        0x1 build/Release/production/_ext/110090296/tcp_in.o
 *fill*         0x20402631        0x3 
 .bss.inseg     0x20402634       0x14 build/Release/production/_ext/110090296/tcp_in.o
 .bss.recv_data
                0x20402648        0x4 build/Release/production/_ext/110090296/tcp_in.o
 .bss.recv_flags
                0x2040264c        0x1 build/Release/production/_ext/110090296/tcp_in.o
 *fill*         0x2040264d        0x3 
 .bss.seqno     0x20402650        0x4 build/Release/production/_ext/110090296/tcp_in.o
 .bss.tcphdr    0x20402654        0x4 build/Release/production/_ext/110090296/tcp_in.o
 .bss.tcplen    0x20402658        0x2 build/Release/production/_ext/110090296/tcp_in.o
 *fill*         0x2040265a        0x2 
 .bss.arp_table
                0x2040265c       0xc8 build/Release/production/_ext/872305151/etharp.o
 .bss.etharp_cached_entry
                0x20402724        0x1 build/Release/production/_ext/872305151/etharp.o
 *fill*         0x20402725        0x3 
 .bss.gs_gmac_dev
                0x20402728     0x1214 build/Release/production/_ext/994942402/samv71_gmac.o
 *fill*         0x2040393c        0x4 
 .bss.gs_rx_desc_null
                0x20403940        0x8 build/Release/production/_ext/994942402/samv71_gmac.o
 .bss.gs_tx_desc_null
                0x20403948        0x8 build/Release/production/_ext/994942402/samv71_gmac.o
 .bss.ul_last_time.10499
                0x20403950        0x4 build/Release/production/_ext/1562571572/ethernet.o
 .bss.gs_ul_clk_tick
                0x20403954        0x4 build/Release/production/_ext/1562571572/timer_mgt.o
 .bss.__malloc_current_mallinfo
                0x20403958       0x28 c:/program files (x86)/atmel/studio/7.0/toolchain/arm/arm-gnu-toolchain/bin/../lib/gcc/arm-none-eabi/6.3.1/../../../../arm-none-eabi/lib/thumb/v7e-m\libc.a(lib_a-mallocr.o)
                0x20403958                __malloc_current_mallinfo
 .bss.__malloc_max_sbrked_mem
                0x20403980        0x4 c:/program files (x86)/atmel/studio/7.0/toolchain/arm/arm-gnu-toolchain/bin/../lib/gcc/arm-none-eabi/6.3.1/../../../../arm-none-eabi/lib/thumb/v7e-m\libc.a(lib_a-mallocr.o)
                0x20403980                __malloc_max_sbrked_mem
 .bss.__malloc_max_total_mem
                0x20403984        0x4 c:/program files (x86)/atmel/studio/7.0/toolchain/arm/arm-gnu-toolchain/bin/../lib/gcc/arm-none-eabi/6.3.1/../../../../arm-none-eabi/lib/thumb/v7e-m\libc.a(lib_a-mallocr.o)
                0x20403984                __malloc_max_total_mem
 .bss.__malloc_top_pad
                0x20403988        0x4 c:/program files (x86)/atmel/studio/7.0/toolchain/arm/arm-gnu-toolchain/bin/../lib/gcc/arm-none-eabi/6.3.1/../../../../arm-none-eabi/lib/thumb/v7e-m\libc.a(lib_a-mallocr.o)
                0x20403988                __malloc_top_pad
 *(COMMON)
 COMMON         0x2040398c        0x4 build/Release/production/_ext/277897380/read.o
                0x2040398c                ptr_get
 COMMON         0x20403990        0x8 build/Release/production/_ext/277897380/write.o
                0x20403990                ptr_put
                0x20403994                stdio_base
 COMMON         0x20403998       0x10 build/Release/production/_ext/1276229284/ip.o
                0x20403998                current_iphdr_src
                0x2040399c                current_netif
                0x204039a0                current_iphdr_dest
                0x204039a4                current_header
 COMMON         0x204039a8     0x1014 build/Release/production/_ext/110090296/mem.o
                0x204039a8                ram_heap
 COMMON         0x204049bc        0x8 build/Release/production/_ext/110090296/netif.o
                0x204049bc                netif_list
                0x204049c0                netif_default
 COMMON         0x204049c4        0x1 build/Release/production/_ext/110090296/pbuf.o
                0x204049c4                pbuf_free_ooseq_pending
 *fill*         0x204049c5        0x3 
 COMMON         0x204049c8       0x1c build/Release/production/_ext/110090296/tcp.o
                0x204049c8                tcp_active_pcbs_changed
                0x204049cc                tcp_active_pcbs
                0x204049d0                tcp_ticks
                0x204049d4                tcp_listen_pcbs
                0x204049d8                tcp_tmp_pcb
                0x204049dc                tcp_bound_pcbs
                0x204049e0                tcp_tw_pcbs
 COMMON         0x204049e4        0x4 build/Release/production/_ext/110090296/tcp_in.o
                0x204049e4                tcp_input_pcb
 COMMON         0x204049e8        0x4 build/Release/production/_ext/110090296/udp.o
                0x204049e8                udp_pcbs
 COMMON         0x204049ec       0x34 build/Release/production/_ext/1562571572/ethernet.o
                0x204049ec                gs_net_if
 COMMON         0x20404a20       0x21 c:/program files (x86)/atmel/studio/7.0/toolchain/arm/arm-gnu-toolchain/bin/../lib/gcc/arm-none-eabi/6.3.1/../../../../arm-none-eabi/lib/thumb/v7e-m\libc.a(lib_a-lock.o)
                0x20404a20                __lock___atexit_recursive_mutex
                0x20404a24                __lock___arc4random_mutex
                0x20404a28                __lock___env_recursive_mutex
                0x20404a2c                __lock___sinit_recursive_mutex
                0x20404a30                __lock___malloc_recursive_mutex
                0x20404a34                __lock___at_quick_exit_mutex
                0x20404a38                __lock___dd_hash_mutex
                0x20404a3c                __lock___tz_mutex
                0x20404a40                __lock___sfp_recursive_mutex
 *fill*         0x20404a41        0x3 
 COMMON         0x20404a44        0x4 c:/program files (x86)/atmel/studio/7.0/toolchain/arm/arm-gnu-toolchain/bin/../lib/gcc/arm-none-eabi/6.3.1/../../../../arm-none-eabi/lib/thumb/v7e-m\libc.a(lib_a-reent.o)
                0x20404a44                errno
                0x20404a48                . = ALIGN (0x4)
                0x20404a48                _ebss = .
                0x20404a48                _ezero = .

.stack          0x20404a48      0x400 load address 0x0040eda0
                0x20404a48                . = ALIGN (0x8)
                0x20404a48                _sstack = .
                0x20404e48                . = (. + STACK_SIZE)
 *fill*         0x20404a48      0x400 
                0x20404e48                . = ALIGN (0x8)
                0x20404e48                _estack = .

.heap           0x20404e48      0x200 load address 0x0040f1a0
                0x20404e48                . = ALIGN (0x8)
                0x20404e48                _sheap = .
                0x20405048                . = (. + HEAP_SIZE)
 *fill*         0x20404e48      0x200 
                0x20405048                . = ALIGN (0x8)
                0x20405048                _eheap = .
                0x20405048                . = ALIGN (0x4)
                0x20405048                _end = .
                0x2045ffff                _ram_end_ = ((ORIGIN (ram) + LENGTH (ram)) - 0x1)
OUTPUT(dist/Release/production/THIRDPARTY_LWIP_RAW_BASIC_HTTP_EXAMPLE1.X.production.elf elf32-littlearm)

.ARM.attributes
                0x00000000       0x2e
 .ARM.attributes
                0x00000000       0x1e c:/program files (x86)/atmel/studio/7.0/toolchain/arm/arm-gnu-toolchain/bin/../lib/gcc/arm-none-eabi/6.3.1/thumb/v7e-m/crti.o
 .ARM.attributes
                0x0000001e       0x2e c:/program files (x86)/atmel/studio/7.0/toolchain/arm/arm-gnu-toolchain/bin/../lib/gcc/arm-none-eabi/6.3.1/thumb/v7e-m/crtbegin.o
 .ARM.attributes
                0x0000004c       0x37 build/Release/production/_ext/1360937237/echo.o
 .ARM.attributes
                0x00000083       0x37 build/Release/production/_ext/965313332/sysclk.o
 .ARM.attributes
                0x000000ba       0x37 build/Release/production/_ext/1939168694/interrupt_sam_nvic.o
 .ARM.attributes
                0x000000f1       0x37 build/Release/production/_ext/277897380/read.o
 .ARM.attributes
                0x00000128       0x37 build/Release/production/_ext/277897380/write.o
 .ARM.attributes
                0x0000015f       0x37 build/Release/production/_ext/2135176753/init.o
 .ARM.attributes
                0x00000196       0x37 build/Release/production/_ext/1200990973/ethernet_phy.o
 .ARM.attributes
                0x000001cd       0x37 build/Release/production/_ext/149512465/gmac_phy.o
 .ARM.attributes
                0x00000204       0x37 build/Release/production/_ext/1657736467/pio.o
 .ARM.attributes
                0x0000023b       0x37 build/Release/production/_ext/1657736467/pio_handler.o
 .ARM.attributes
                0x00000272       0x37 build/Release/production/_ext/1657736355/pmc.o
 .ARM.attributes
                0x000002a9       0x37 build/Release/production/_ext/607664584/tc.o
 .ARM.attributes
                0x000002e0       0x37 build/Release/production/_ext/149918551/uart.o
 .ARM.attributes
                0x00000317       0x37 build/Release/production/_ext/353027740/usart.o
 .ARM.attributes
                0x0000034e       0x37 build/Release/production/_ext/582320604/startup_samv71.o
 .ARM.attributes
                0x00000385       0x37 build/Release/production/_ext/1712789660/system_samv71.o
 .ARM.attributes
                0x000003bc       0x37 build/Release/production/_ext/501093315/syscalls.o
 .ARM.attributes
                0x000003f3       0x37 build/Release/production/_ext/110090296/def.o
 .ARM.attributes
                0x0000042a       0x37 build/Release/production/_ext/1276229284/icmp.o
 .ARM.attributes
                0x00000461       0x37 build/Release/production/_ext/1276229284/inet_chksum.o
 .ARM.attributes
                0x00000498       0x37 build/Release/production/_ext/1276229284/ip.o
 .ARM.attributes
                0x000004cf       0x37 build/Release/production/_ext/1276229284/ip_addr.o
 .ARM.attributes
                0x00000506       0x37 build/Release/production/_ext/1276229284/ip_frag.o
 .ARM.attributes
                0x0000053d       0x37 build/Release/production/_ext/110090296/lwip_init.o
 .ARM.attributes
                0x00000574       0x37 build/Release/production/_ext/110090296/lwip_timers_141.o
 .ARM.attributes
                0x000005ab       0x37 build/Release/production/_ext/110090296/mem.o
 .ARM.attributes
                0x000005e2       0x37 build/Release/production/_ext/110090296/memp.o
 .ARM.attributes
                0x00000619       0x37 build/Release/production/_ext/110090296/netif.o
 .ARM.attributes
                0x00000650       0x37 build/Release/production/_ext/110090296/pbuf.o
 .ARM.attributes
                0x00000687       0x37 build/Release/production/_ext/110090296/raw.o
 .ARM.attributes
                0x000006be       0x37 build/Release/production/_ext/110090296/tcp.o
 .ARM.attributes
                0x000006f5       0x37 build/Release/production/_ext/110090296/tcp_in.o
 .ARM.attributes
                0x0000072c       0x37 build/Release/production/_ext/110090296/tcp_out.o
 .ARM.attributes
                0x00000763       0x37 build/Release/production/_ext/110090296/udp.o
 .ARM.attributes
                0x0000079a       0x37 build/Release/production/_ext/872305151/etharp.o
 .ARM.attributes
                0x000007d1       0x37 build/Release/production/_ext/994942402/samv71_gmac.o
 .ARM.attributes
                0x00000808       0x37 build/Release/production/_ext/1562571572/ethernet.o
 .ARM.attributes
                0x0000083f       0x37 build/Release/production/_ext/1562571572/timer_mgt.o
 .ARM.attributes
                0x00000876       0x37 build/Release/production/_ext/1360937237/raw_http_basic_example.o
 .ARM.attributes
                0x000008ad       0x2e c:/program files (x86)/atmel/studio/7.0/toolchain/arm/arm-gnu-toolchain/bin/../lib/gcc/arm-none-eabi/6.3.1/../../../../arm-none-eabi/lib/thumb/v7e-m\libc.a(lib_a-impure.o)
 .ARM.attributes
                0x000008db       0x2e c:/program files (x86)/atmel/studio/7.0/toolchain/arm/arm-gnu-toolchain/bin/../lib/gcc/arm-none-eabi/6.3.1/../../../../arm-none-eabi/lib/thumb/v7e-m\libc.a(lib_a-init.o)
 .ARM.attributes
                0x00000909       0x2e c:/program files (x86)/atmel/studio/7.0/toolchain/arm/arm-gnu-toolchain/bin/../lib/gcc/arm-none-eabi/6.3.1/../../../../arm-none-eabi/lib/thumb/v7e-m\libc.a(lib_a-iprintf.o)
 .ARM.attributes
                0x00000937       0x2e c:/program files (x86)/atmel/studio/7.0/toolchain/arm/arm-gnu-toolchain/bin/../lib/gcc/arm-none-eabi/6.3.1/../../../../arm-none-eabi/lib/thumb/v7e-m\libc.a(lib_a-memcmp.o)
 .ARM.attributes
                0x00000965       0x1c c:/program files (x86)/atmel/studio/7.0/toolchain/arm/arm-gnu-toolchain/bin/../lib/gcc/arm-none-eabi/6.3.1/../../../../arm-none-eabi/lib/thumb/v7e-m\libc.a(lib_a-memcpy.o)
 .ARM.attributes
                0x00000981       0x2e c:/program files (x86)/atmel/studio/7.0/toolchain/arm/arm-gnu-toolchain/bin/../lib/gcc/arm-none-eabi/6.3.1/../../../../arm-none-eabi/lib/thumb/v7e-m\libc.a(lib_a-memset.o)
 .ARM.attributes
                0x000009af       0x2e c:/program files (x86)/atmel/studio/7.0/toolchain/arm/arm-gnu-toolchain/bin/../lib/gcc/arm-none-eabi/6.3.1/../../../../arm-none-eabi/lib/thumb/v7e-m\libc.a(lib_a-puts.o)
 .ARM.attributes
                0x000009dd       0x2e c:/program files (x86)/atmel/studio/7.0/toolchain/arm/arm-gnu-toolchain/bin/../lib/gcc/arm-none-eabi/6.3.1/../../../../arm-none-eabi/lib/thumb/v7e-m\libc.a(lib_a-setbuf.o)
 .ARM.attributes
                0x00000a0b       0x2e c:/program files (x86)/atmel/studio/7.0/toolchain/arm/arm-gnu-toolchain/bin/../lib/gcc/arm-none-eabi/6.3.1/../../../../arm-none-eabi/lib/thumb/v7e-m\libc.a(lib_a-setvbuf.o)
 .ARM.attributes
                0x00000a39       0x2e c:/program files (x86)/atmel/studio/7.0/toolchain/arm/arm-gnu-toolchain/bin/../lib/gcc/arm-none-eabi/6.3.1/../../../../arm-none-eabi/lib/thumb/v7e-m\libc.a(lib_a-strcat.o)
 .ARM.attributes
                0x00000a67       0x2e c:/program files (x86)/atmel/studio/7.0/toolchain/arm/arm-gnu-toolchain/bin/../lib/gcc/arm-none-eabi/6.3.1/../../../../arm-none-eabi/lib/thumb/v7e-m\libc.a(lib_a-strcpy.o)
 .ARM.attributes
                0x00000a95       0x1c c:/program files (x86)/atmel/studio/7.0/toolchain/arm/arm-gnu-toolchain/bin/../lib/gcc/arm-none-eabi/6.3.1/../../../../arm-none-eabi/lib/thumb/v7e-m\libc.a(lib_a-strlen.o)
 .ARM.attributes
                0x00000ab1       0x2e c:/program files (x86)/atmel/studio/7.0/toolchain/arm/arm-gnu-toolchain/bin/../lib/gcc/arm-none-eabi/6.3.1/../../../../arm-none-eabi/lib/thumb/v7e-m\libc.a(lib_a-vfiprintf.o)
 .ARM.attributes
                0x00000adf       0x2e c:/program files (x86)/atmel/studio/7.0/toolchain/arm/arm-gnu-toolchain/bin/../lib/gcc/arm-none-eabi/6.3.1/../../../../arm-none-eabi/lib/thumb/v7e-m\libc.a(lib_a-wsetup.o)
 .ARM.attributes
                0x00000b0d       0x2e c:/program files (x86)/atmel/studio/7.0/toolchain/arm/arm-gnu-toolchain/bin/../lib/gcc/arm-none-eabi/6.3.1/../../../../arm-none-eabi/lib/thumb/v7e-m\libc.a(lib_a-__call_atexit.o)
 .ARM.attributes
                0x00000b3b       0x2e c:/program files (x86)/atmel/studio/7.0/toolchain/arm/arm-gnu-toolchain/bin/../lib/gcc/arm-none-eabi/6.3.1/../../../../arm-none-eabi/lib/thumb/v7e-m\libc.a(lib_a-atexit.o)
 .ARM.attributes
                0x00000b69       0x2e c:/program files (x86)/atmel/studio/7.0/toolchain/arm/arm-gnu-toolchain/bin/../lib/gcc/arm-none-eabi/6.3.1/../../../../arm-none-eabi/lib/thumb/v7e-m\libc.a(lib_a-fflush.o)
 .ARM.attributes
                0x00000b97       0x2e c:/program files (x86)/atmel/studio/7.0/toolchain/arm/arm-gnu-toolchain/bin/../lib/gcc/arm-none-eabi/6.3.1/../../../../arm-none-eabi/lib/thumb/v7e-m\libc.a(lib_a-findfp.o)
 .ARM.attributes
                0x00000bc5       0x2e c:/program files (x86)/atmel/studio/7.0/toolchain/arm/arm-gnu-toolchain/bin/../lib/gcc/arm-none-eabi/6.3.1/../../../../arm-none-eabi/lib/thumb/v7e-m\libc.a(lib_a-fini.o)
 .ARM.attributes
                0x00000bf3       0x2e c:/program files (x86)/atmel/studio/7.0/toolchain/arm/arm-gnu-toolchain/bin/../lib/gcc/arm-none-eabi/6.3.1/../../../../arm-none-eabi/lib/thumb/v7e-m\libc.a(lib_a-fputwc.o)
 .ARM.attributes
                0x00000c21       0x2e c:/program files (x86)/atmel/studio/7.0/toolchain/arm/arm-gnu-toolchain/bin/../lib/gcc/arm-none-eabi/6.3.1/../../../../arm-none-eabi/lib/thumb/v7e-m\libc.a(lib_a-freer.o)
 .ARM.attributes
                0x00000c4f       0x2e c:/program files (x86)/atmel/studio/7.0/toolchain/arm/arm-gnu-toolchain/bin/../lib/gcc/arm-none-eabi/6.3.1/../../../../arm-none-eabi/lib/thumb/v7e-m\libc.a(lib_a-fvwrite.o)
 .ARM.attributes
                0x00000c7d       0x2e c:/program files (x86)/atmel/studio/7.0/toolchain/arm/arm-gnu-toolchain/bin/../lib/gcc/arm-none-eabi/6.3.1/../../../../arm-none-eabi/lib/thumb/v7e-m\libc.a(lib_a-fwalk.o)
 .ARM.attributes
                0x00000cab       0x2e c:/program files (x86)/atmel/studio/7.0/toolchain/arm/arm-gnu-toolchain/bin/../lib/gcc/arm-none-eabi/6.3.1/../../../../arm-none-eabi/lib/thumb/v7e-m\libc.a(lib_a-locale.o)
 .ARM.attributes
                0x00000cd9       0x2e c:/program files (x86)/atmel/studio/7.0/toolchain/arm/arm-gnu-toolchain/bin/../lib/gcc/arm-none-eabi/6.3.1/../../../../arm-none-eabi/lib/thumb/v7e-m\libc.a(lib_a-lock.o)
 .ARM.attributes
                0x00000d07       0x2e c:/program files (x86)/atmel/studio/7.0/toolchain/arm/arm-gnu-toolchain/bin/../lib/gcc/arm-none-eabi/6.3.1/../../../../arm-none-eabi/lib/thumb/v7e-m\libc.a(lib_a-makebuf.o)
 .ARM.attributes
                0x00000d35       0x2e c:/program files (x86)/atmel/studio/7.0/toolchain/arm/arm-gnu-toolchain/bin/../lib/gcc/arm-none-eabi/6.3.1/../../../../arm-none-eabi/lib/thumb/v7e-m\libc.a(lib_a-malloc.o)
 .ARM.attributes
                0x00000d63       0x2e c:/program files (x86)/atmel/studio/7.0/toolchain/arm/arm-gnu-toolchain/bin/../lib/gcc/arm-none-eabi/6.3.1/../../../../arm-none-eabi/lib/thumb/v7e-m\libc.a(lib_a-mallocr.o)
 .ARM.attributes
                0x00000d91       0x2e c:/program files (x86)/atmel/studio/7.0/toolchain/arm/arm-gnu-toolchain/bin/../lib/gcc/arm-none-eabi/6.3.1/../../../../arm-none-eabi/lib/thumb/v7e-m\libc.a(lib_a-mbtowc_r.o)
 .ARM.attributes
                0x00000dbf       0x1c c:/program files (x86)/atmel/studio/7.0/toolchain/arm/arm-gnu-toolchain/bin/../lib/gcc/arm-none-eabi/6.3.1/../../../../arm-none-eabi/lib/thumb/v7e-m\libc.a(lib_a-memchr.o)
 .ARM.attributes
                0x00000ddb       0x2e c:/program files (x86)/atmel/studio/7.0/toolchain/arm/arm-gnu-toolchain/bin/../lib/gcc/arm-none-eabi/6.3.1/../../../../arm-none-eabi/lib/thumb/v7e-m\libc.a(lib_a-memmove.o)
 .ARM.attributes
                0x00000e09       0x2e c:/program files (x86)/atmel/studio/7.0/toolchain/arm/arm-gnu-toolchain/bin/../lib/gcc/arm-none-eabi/6.3.1/../../../../arm-none-eabi/lib/thumb/v7e-m\libc.a(lib_a-mlock.o)
 .ARM.attributes